Component: ARM Compiler 5.06 update 7 (build 960) Tool: armlink [4d3601]

==============================================================================

Section Cross References

    startup_stm32f103xe.o(STACK) refers (Special) to heapauxi.o(.text) for __use_two_region_memory
    startup_stm32f103xe.o(HEAP) refers (Special) to heapauxi.o(.text) for __use_two_region_memory
    startup_stm32f103xe.o(RESET) refers (Special) to heapauxi.o(.text) for __use_two_region_memory
    startup_stm32f103xe.o(RESET) refers to startup_stm32f103xe.o(STACK) for __initial_sp
    startup_stm32f103xe.o(RESET) refers to startup_stm32f103xe.o(.text) for Reset_Handler
    startup_stm32f103xe.o(RESET) refers to stm32f1xx_it.o(i.NMI_Handler) for NMI_Handler
    startup_stm32f103xe.o(RESET) refers to stm32f1xx_it.o(i.HardFault_Handler) for HardFault_Handler
    startup_stm32f103xe.o(RESET) refers to stm32f1xx_it.o(i.MemManage_Handler) for MemManage_Handler
    startup_stm32f103xe.o(RESET) refers to stm32f1xx_it.o(i.BusFault_Handler) for BusFault_Handler
    startup_stm32f103xe.o(RESET) refers to stm32f1xx_it.o(i.UsageFault_Handler) for UsageFault_Handler
    startup_stm32f103xe.o(RESET) refers to stm32f1xx_it.o(i.SVC_Handler) for SVC_Handler
    startup_stm32f103xe.o(RESET) refers to stm32f1xx_it.o(i.DebugMon_Handler) for DebugMon_Handler
    startup_stm32f103xe.o(RESET) refers to stm32f1xx_it.o(i.PendSV_Handler) for PendSV_Handler
    startup_stm32f103xe.o(RESET) refers to stm32f1xx_it.o(i.SysTick_Handler) for SysTick_Handler
    startup_stm32f103xe.o(RESET) refers to rtc.o(i.RTC_IRQHandler) for RTC_IRQHandler
    startup_stm32f103xe.o(RESET) refers to exti.o(i.EXTI0_IRQHandler) for EXTI0_IRQHandler
    startup_stm32f103xe.o(RESET) refers to exti.o(i.EXTI3_IRQHandler) for EXTI3_IRQHandler
    startup_stm32f103xe.o(RESET) refers to exti.o(i.EXTI4_IRQHandler) for EXTI4_IRQHandler
    startup_stm32f103xe.o(RESET) refers to adc.o(i.DMA1_Channel1_IRQHandler) for DMA1_Channel1_IRQHandler
    startup_stm32f103xe.o(RESET) refers to usart.o(i.USART1_IRQHandler) for USART1_IRQHandler
    startup_stm32f103xe.o(.text) refers (Special) to heapauxi.o(.text) for __use_two_region_memory
    startup_stm32f103xe.o(.text) refers to system_stm32f1xx.o(i.SystemInit) for SystemInit
    startup_stm32f103xe.o(.text) refers to __main.o(!!!main) for __main
    startup_stm32f103xe.o(.text) refers to startup_stm32f103xe.o(HEAP) for Heap_Mem
    startup_stm32f103xe.o(.text) refers to startup_stm32f103xe.o(STACK) for Stack_Mem
    main.o(i.main) refers to _printf_pad.o(.text) for _printf_pre_padding
    main.o(i.main) refers to _printf_percent.o(.ARM.Collect$$_printf_percent$$00000000) for _printf_percent
    main.o(i.main) refers to _printf_d.o(.ARM.Collect$$_printf_percent$$00000009) for _printf_d
    main.o(i.main) refers to _printf_dec.o(.text) for _printf_int_dec
    main.o(i.main) refers to _printf_s.o(.ARM.Collect$$_printf_percent$$00000014) for _printf_s
    main.o(i.main) refers to _printf_str.o(.text) for _printf_str
    main.o(i.main) refers to stm32f1xx_hal.o(i.HAL_Init) for HAL_Init
    main.o(i.main) refers to sys.o(i.sys_stm32_clock_init) for sys_stm32_clock_init
    main.o(i.main) refers to delay.o(i.delay_init) for delay_init
    main.o(i.main) refers to usart.o(i.usart_init) for usart_init
    main.o(i.main) refers to led.o(i.led_init) for led_init
    main.o(i.main) refers to lcd.o(i.lcd_init) for lcd_init
    main.o(i.main) refers to rtc.o(i.rtc_init) for rtc_init
    main.o(i.main) refers to exti.o(i.extix_init) for extix_init
    main.o(i.main) refers to noretval__2printf.o(.text) for __2printf
    main.o(i.main) refers to lcd.o(i.lcd_show_string) for lcd_show_string
    main.o(i.main) refers to delay.o(i.delay_ms) for delay_ms
    main.o(i.main) refers to lcd.o(i.lcd_fill) for lcd_fill
    main.o(i.main) refers to dht11.o(i.dht11_init) for dht11_init
    main.o(i.main) refers to adc.o(i.adc_nch_dma_init) for adc_nch_dma_init
    main.o(i.main) refers to adc.o(i.adc_dma_enable) for adc_dma_enable
    main.o(i.main) refers to rtc.o(i.rtc_get_time) for rtc_get_time
    main.o(i.main) refers to noretval__2sprintf.o(.text) for __2sprintf
    main.o(i.main) refers to dht11.o(i.dht11_read_data) for dht11_read_data
    main.o(i.main) refers to lcd.o(i.lcd_show_num) for lcd_show_num
    main.o(i.main) refers to mq-7.o(i.MQ7_GetPPM) for MQ7_GetPPM
    main.o(i.main) refers to ffixu.o(x$fpl$ffixu) for __aeabi_f2uiz
    main.o(i.main) refers to frleqf.o(x$fpl$frleqf) for __aeabi_cfrcmple
    main.o(i.main) refers to stm32f1xx_hal_gpio.o(i.HAL_GPIO_WritePin) for HAL_GPIO_WritePin
    main.o(i.main) refers to stm32f1xx_hal_gpio.o(i.HAL_GPIO_TogglePin) for HAL_GPIO_TogglePin
    main.o(i.main) refers to mq-4.o(i.MQ4_GetPPM) for MQ4_GetPPM
    main.o(i.main) refers to mq-136.o(i.MQ136_GetPPM) for MQ136_GetPPM
    main.o(i.main) refers to main.o(.bss) for g_adc_dma_buf
    main.o(i.main) refers to rtc.o(.bss) for calendar
[...]
    g_fac_us                                 0x20000020   Data           4  delay.o(.data)
    .data                                    0x20000024   Section        7  usart.o(.data)
    .data                                    0x2000002c   Section        9  stm32f1xx_hal.o(.data)
    .data                                    0x20000038   Section        8  lcd.o(.data)
    .data                                    0x20000040   Section        1  adc.o(.data)
    .data                                    0x20000044   Section        4  mq-7.o(.data)
    .data                                    0x20000048   Section        2  exti.o(.data)
    set_shift                                0x20000049   Data           1  exti.o(.data)
    .data                                    0x2000004a   Section        2  rtc.o(.data)
    daycnt                                   0x2000004a   Data           2  rtc.o(.data)
    .data                                    0x2000004c   Section        1  key.o(.data)
    key_up                                   0x2000004c   Data           1  key.o(.data)
    .bss                                     0x20000050   Section       60  main.o(.bss)
    .bss                                     0x2000008c   Section      264  usart.o(.bss)
    .bss                                     0x20000194   Section       86  lcd.o(.bss)
    .bss                                     0x200001ec   Section      116  adc.o(.bss)
    .bss                                     0x20000260   Section       30  rtc.o(.bss)
    .bss                                     0x20000280   Section       96  libspace.o(.bss)
    HEAP                                     0x200002e0   Section      512  startup_stm32f103xe.o(HEAP)
    Heap_Mem                                 0x200002e0   Data         512  startup_stm32f103xe.o(HEAP)
    STACK                                    0x200004e0   Section     1024  startup_stm32f103xe.o(STACK)
    Stack_Mem                                0x200004e0   Data        1024  startup_stm32f103xe.o(STACK)
    __initial_sp                             0x200008e0   Data           0  startup_stm32f103xe.o(STACK)

    Global Symbols

    Symbol Name                              Value     Ov Type        Size  Object(Section)

    BuildAttributes$$THM_ISAv4$P$D$K$B$S$PE$A:L22UL41UL21$X:L11$S22US41US21$IEEE1$IW$USESV6$~STKCKD$USESV7$~SHL$OTIME$ROPI$IEEEX$EBA8$UX$STANDARDLIB$REQ8$PRES8$EABIv2 0x00000000   Number         0  anon$$obj.o ABSOLUTE
    __ARM_use_no_argv                        0x00000000   Number         0  main.o ABSOLUTE
    _printf_flags                            0x00000000   Number         0  printf_stubs.o ABSOLUTE
    _printf_return_value                     0x00000000   Number         0  printf_stubs.o ABSOLUTE
    _printf_sizespec                         0x00000000   Number         0  printf_stubs.o ABSOLUTE
    _printf_widthprec                        0x00000000   Number         0  printf_stubs.o ABSOLUTE
    __ARM_exceptions_init                     - Undefined Weak Reference
    __alloca_initialize                       - Undefined Weak Reference
    __arm_fini_                               - Undefined Weak Reference
    __arm_preinit_                            - Undefined Weak Reference
    __cpp_initialize__aeabi_                  - Undefined Weak Reference
    __cxa_finalize                            - Undefined Weak Reference
    __sigvec_lookup                           - Undefined Weak Reference
    _atexit_init                              - Undefined Weak Reference
    _call_atexit_fns                          - Undefined Weak Reference
    _clock_init                               - Undefined Weak Reference
    _fp_trap_init                             - Undefined Weak Reference
    _fp_trap_shutdown                         - Undefined Weak Reference
    _get_lc_collate                           - Undefined Weak Reference
    _get_lc_ctype                             - Undefined Weak Reference
    _get_lc_monetary                          - Undefined Weak Reference
    _get_lc_time                              - Undefined Weak Reference
    _getenv_init                              - Undefined Weak Reference
    _handle_redirection                       - Undefined Weak Reference
    _init_alloc                               - Undefined Weak Reference
    _init_user_alloc                          - Undefined Weak Reference
    _initio                                   - Undefined Weak Reference
    _mutex_acquire                            - Undefined Weak Reference
    _mutex_release                            - Undefined Weak Reference
    _printf_mbtowc                            - Undefined Weak Reference
    _printf_truncate_signed                   - Undefined Weak Reference
    _printf_truncate_unsigned                 - Undefined Weak Reference
    _rand_init                                - Undefined Weak Reference
    _signal_finish                            - Undefined Weak Reference
    _signal_init                              - Undefined Weak Reference
    _terminate_alloc                          - Undefined Weak Reference
    _terminate_user_alloc                     - Undefined Weak Reference
    _terminateio                              - Undefined Weak Reference
    __Vectors_Size                           0x00000130   Number         0  startup_stm32f103xe.o ABSOLUTE
    __Vectors                                0x08000000   Data           4  startup_stm32f103xe.o(RESET)
    __Vectors_End                            0x08000130   Data           0  startup_stm32f103xe.o(RESET)
    __main                                   0x08000131   Thumb Code     8  __main.o(!!!main)
    __scatterload                            0x08000139   Thumb Code     0  __scatter.o(!!!scatter)
    __scatterload_rt2                        0x08000139   Thumb Code    44  __scatter.o(!!!scatter)
    __scatterload_rt2_thumb_only             0x08000139   Thumb Code     0  __scatter.o(!!!scatter)
    __scatterload_null                       0x08000147   Thumb Code     0  __scatter.o(!!!scatter)
    __scatterload_copy                       0x0800016d   Thumb Code    26  __scatter_copy.o(!!handler_copy)
    __scatterload_zeroinit                   0x08000189   Thumb Code    28  __scatter_zi.o(!!handler_zi)
    _printf_f                                0x080001a5   Thumb Code     0  _printf_f.o(.ARM.Collect$$_printf_percent$$00000003)
    _printf_percent                          0x080001a5   Thumb Code     0  _printf_percent.o(.ARM.Collect$$_printf_percent$$00000000)
    _printf_d                                0x080001ab   Thumb Code     0  _printf_d.o(.ARM.Collect$$_printf_percent$$00000009)
    _printf_x                                0x080001b1   Thumb Code     0  _printf_x.o(.ARM.Collect$$_printf_percent$$0000000C)
    _printf_s                                0x080001b7   Thumb Code     0  _printf_s.o(.ARM.Collect$$_printf_percent$$00000014)
    _printf_percent_end                      0x080001bd   Thumb Code     0  _printf_percent_end.o(.ARM.Collect$$_printf_percent$$00000017)
    __rt_lib_init                            0x080001c1   Thumb Code     0  libinit.o(.ARM.Collect$$libinit$$00000000)
    __rt_lib_init_fp_1                       0x080001c3   Thumb Code     0  libinit2.o(.ARM.Collect$$libinit$$00000002)
    __rt_lib_init_heap_1                     0x080001c3   Thumb Code     0  libinit2.o(.ARM.Collect$$libinit$$0000000A)
    __rt_lib_init_lc_common                  0x080001c3   Thumb Code     0  libinit2.o(.ARM.Collect$$libinit$$0000000F)
    __rt_lib_init_preinit_1                  0x080001c3   Thumb Code     0  libinit2.o(.ARM.Collect$$libinit$$00000004)
    __rt_lib_init_rand_1                     0x080001c3   Thumb Code     0  libinit2.o(.ARM.Collect$$libinit$$0000000E)
    __rt_lib_init_user_alloc_1               0x080001c3   Thumb Code     0  libinit2.o(.ARM.Collect$$libinit$$0000000C)
    __rt_lib_init_lc_collate_1               0x080001c9   Thumb Code     0  libinit2.o(.ARM.Collect$$libinit$$00000011)
    __rt_lib_init_lc_ctype_1                 0x080001c9   Thumb Code     0  libinit2.o(.ARM.Collect$$libinit$$00000013)
    __rt_lib_init_lc_monetary_1              0x080001c9   Thumb Code     0  libinit2.o(.ARM.Collect$$libinit$$00000015)
    __rt_lib_init_lc_numeric_2               0x080001c9   Thumb Code     0  libinit2.o(.ARM.Collect$$libinit$$00000016)
    __rt_lib_init_alloca_1                   0x080001d3   Thumb Code     0  libinit2.o(.ARM.Collect$$libinit$$0000002E)
    __rt_lib_init_argv_1                     0x080001d3   Thumb Code     0  libinit2.o(.ARM.Collect$$libinit$$0000002C)
    __rt_lib_init_atexit_1                   0x080001d3   Thumb Code     0  libinit2.o(.ARM.Collect$$libinit$$0000001B)
    __rt_lib_init_clock_1                    0x080001d3   Thumb Code     0  libinit2.o(.ARM.Collect$$libinit$$00000021)
    __rt_lib_init_cpp_1                      0x080001d3   Thumb Code     0  libinit2.o(.ARM.Collect$$libinit$$00000032)
    __rt_lib_init_exceptions_1               0x080001d3   Thumb Code     0  libinit2.o(.ARM.Collect$$libinit$$00000030)
    __rt_lib_init_fp_trap_1                  0x080001d3   Thumb Code     0  libinit2.o(.ARM.Collect$$libinit$$0000001F)
    __rt_lib_init_getenv_1                   0x080001d3   Thumb Code     0  libinit2.o(.ARM.Collect$$libinit$$00000023)
    __rt_lib_init_lc_numeric_1               0x080001d3   Thumb Code     0  libinit2.o(.ARM.Collect$$libinit$$00000017)
    __rt_lib_init_lc_time_1                  0x080001d3   Thumb Code     0  libinit2.o(.ARM.Collect$$libinit$$00000019)
    __rt_lib_init_return                     0x080001d3   Thumb Code     0  libinit2.o(.ARM.Collect$$libinit$$00000033)
    __rt_lib_init_signal_1                   0x080001d3   Thumb Code     0  libinit2.o(.ARM.Collect$$libinit$$0000001D)
    __rt_lib_init_stdio_1                    0x080001d3   Thumb Code     0  libinit2.o(.ARM.Collect$$libinit$$00000025)
    __rt_lib_shutdown                        0x080001d5   Thumb Code     0  libshutdown.o(.ARM.Collect$$libshutdown$$00000000)
    __rt_lib_shutdown_cpp_1                  0x080001d7   Thumb Code     0  libshutdown2.o(.ARM.Collect$$libshutdown$$00000004)
    __rt_lib_shutdown_fini_1                 0x080001d7   Thumb Code     0  libshutdown2.o(.ARM.Collect$$libshutdown$$00000002)
    __rt_lib_shutdown_fp_trap_1              0x080001d7   Thumb Code     0  libshutdown2.o(.ARM.Collect$$libshutdown$$00000009)
    __rt_lib_shutdown_heap_1                 0x080001d7   Thumb Code     0  libshutdown2.o(.ARM.Collect$$libshutdown$$00000011)
    __rt_lib_shutdown_return                 0x080001d7   Thumb Code     0  libshutdown2.o(.ARM.Collect$$libshutdown$$00000012)
    __rt_lib_shutdown_signal_1               0x080001d7   Thumb Code     0  libshutdown2.o(.ARM.Collect$$libshutdown$$0000000C)
    __rt_lib_shutdown_stdio_1                0x080001d7   Thumb Code     0  libshutdown2.o(.ARM.Collect$$libshutdown$$00000006)
    __rt_lib_shutdown_user_alloc_1           0x080001d7   Thumb Code     0  libshutdown2.o(.ARM.Collect$$libshutdown$$0000000E)
    __rt_entry                               0x080001d9   Thumb Code     0  __rtentry.o(.ARM.Collect$$rtentry$$00000000)
    __rt_entry_presh_1                       0x080001d9   Thumb Code     0  __rtentry2.o(.ARM.Collect$$rtentry$$00000002)
    __rt_entry_sh                            0x080001d9   Thumb Code     0  __rtentry4.o(.ARM.Collect$$rtentry$$00000004)
    __rt_entry_li                            0x080001df   Thumb Code     0  __rtentry2.o(.ARM.Collect$$rtentry$$0000000A)
    __rt_entry_postsh_1                      0x080001df   Thumb Code     0  __rtentry2.o(.ARM.Collect$$rtentry$$00000009)
    __rt_entry_main                          0x080001e3   Thumb Code     0  __rtentry2.o(.ARM.Collect$$rtentry$$0000000D)
    __rt_entry_postli_1                      0x080001e3   Thumb Code     0  __rtentry2.o(.ARM.Collect$$rtentry$$0000000C)
    __rt_exit                                0x080001eb   Thumb Code     0  rtexit.o(.ARM.Collect$$rtexit$$00000000)
    __rt_exit_ls                             0x080001ed   Thumb Code     0  rtexit2.o(.ARM.Collect$$rtexit$$00000003)
    __rt_exit_prels_1                        0x080001ed   Thumb Code     0  rtexit2.o(.ARM.Collect$$rtexit$$00000002)
    __rt_exit_exit                           0x080001f1   Thumb Code     0  rtexit2.o(.ARM.Collect$$rtexit$$00000004)
    Reset_Handler                            0x080001f9   Thumb Code     8  startup_stm32f103xe.o(.text)
    ADC1_2_IRQHandler                        0x08000213   Thumb Code     0  startup_stm32f103xe.o(.text)
    ADC3_IRQHandler                          0x08000213   Thumb Code     0  startup_stm32f103xe.o(.text)
    CAN1_RX1_IRQHandler                      0x08000213   Thumb Code     0  startup_stm32f103xe.o(.text)
    CAN1_SCE_IRQHandler                      0x08000213   Thumb Code     0  startup_stm32f103xe.o(.text)
    DMA1_Channel2_IRQHandler                 0x08000213   Thumb Code     0  startup_stm32f103xe.o(.text)
    DMA1_Channel3_IRQHandler                 0x08000213   Thumb Code     0  startup_stm32f103xe.o(.text)
    DMA1_Channel4_IRQHandler                 0x08000213   Thumb Code     0  startup_stm32f103xe.o(.text)
    DMA1_Channel5_IRQHandler                 0x08000213   Thumb Code     0  startup_stm32f103xe.o(.text)
    DMA1_Channel6_IRQHandler                 0x08000213   Thumb Code     0  startup_stm32f103xe.o(.text)
    DMA1_Channel7_IRQHandler                 0x08000213   Thumb Code     0  startup_stm32f103xe.o(.text)
    DMA2_Channel1_IRQHandler                 0x08000213   Thumb Code     0  startup_stm32f103xe.o(.text)
    DMA2_Channel2_IRQHandler                 0x08000213   Thumb Code     0  startup_stm32f103xe.o(.text)
    DMA2_Channel3_IRQHandler                 0x08000213   Thumb Code     0  startup_stm32f103xe.o(.text)
    DMA2_Channel4_5_IRQHandler               0x08000213   Thumb Code     0  startup_stm32f103xe.o(.text)
    EXTI15_10_IRQHandler                     0x08000213   Thumb Code     0  startup_stm32f103xe.o(.text)
    EXTI1_IRQHandler                         0x08000213   Thumb Code     0  startup_stm32f103xe.o(.text)
    EXTI2_IRQHandler                         0x08000213   Thumb Code     0  startup_stm32f103xe.o(.text)
    EXTI9_5_IRQHandler                       0x08000213   Thumb Code     0  startup_stm32f103xe.o(.text)
    FLASH_IRQHandler                         0x08000213   Thumb Code     0  startup_stm32f103xe.o(.text)
    FSMC_IRQHandler                          0x08000213   Thumb Code     0  startup_stm32f103xe.o(.text)
    I2C1_ER_IRQHandler                       0x08000213   Thumb Code     0  startup_stm32f103xe.o(.text)
    I2C1_EV_IRQHandler                       0x08000213   Thumb Code     0  startup_stm32f103xe.o(.text)
    I2C2_ER_IRQHandler                       0x08000213   Thumb Code     0  startup_stm32f103xe.o(.text)
    I2C2_EV_IRQHandler                       0x08000213   Thumb Code     0  startup_stm32f103xe.o(.text)
    PVD_IRQHandler                           0x08000213   Thumb Code     0  startup_stm32f103xe.o(.text)
    RCC_IRQHandler                           0x08000213   Thumb Code     0  startup_stm32f103xe.o(.text)
    RTC_Alarm_IRQHandler                     0x08000213   Thumb Code     0  startup_stm32f103xe.o(.text)
    SDIO_IRQHandler                          0x08000213   Thumb Code     0  startup_stm32f103xe.o(.text)
    SPI1_IRQHandler                          0x08000213   Thumb Code     0  startup_stm32f103xe.o(.text)
    SPI2_IRQHandler                          0x08000213   Thumb Code     0  startup_stm32f103xe.o(.text)
    SPI3_IRQHandler                          0x08000213   Thumb Code     0  startup_stm32f103xe.o(.text)
    TAMPER_IRQHandler                        0x08000213   Thumb Code     0  startup_stm32f103xe.o(.text)
    TIM1_BRK_IRQHandler                      0x08000213   Thumb Code     0  startup_stm32f103xe.o(.text)
    TIM1_CC_IRQHandler                       0x08000213   Thumb Code     0  startup_stm32f103xe.o(.text)
    TIM1_TRG_COM_IRQHandler                  0x08000213   Thumb Code     0  startup_stm32f103xe.o(.text)
    TIM1_UP_IRQHandler                       0x08000213   Thumb Code     0  startup_stm32f103xe.o(.text)
    TIM2_IRQHandler                          0x08000213   Thumb Code     0  startup_stm32f103xe.o(.text)
    TIM3_IRQHandler                          0x08000213   Thumb Code     0  startup_stm32f103xe.o(.text)
    TIM4_IRQHandler                          0x08000213   Thumb Code     0  startup_stm32f103xe.o(.text)
    TIM5_IRQHandler                          0x08000213   Thumb Code     0  startup_stm32f103xe.o(.text)
    TIM6_IRQHandler                          0x08000213   Thumb Code     0  startup_stm32f103xe.o(.text)
    TIM7_IRQHandler                          0x08000213   Thumb Code     0  startup_stm32f103xe.o(.text)
    TIM8_BRK_IRQHandler                      0x08000213   Thumb Code     0  startup_stm32f103xe.o(.text)
    TIM8_CC_IRQHandler                       0x08000213   Thumb Code     0  startup_stm32f103xe.o(.text)
    TIM8_TRG_COM_IRQHandler                  0x08000213   Thumb Code     0  startup_stm32f103xe.o(.text)
    TIM8_UP_IRQHandler                       0x08000213   Thumb Code     0  startup_stm32f103xe.o(.text)
    UART4_IRQHandler                         0x08000213   Thumb Code     0  startup_stm32f103xe.o(.text)
    UART5_IRQHandler                         0x08000213   Thumb Code     0  startup_stm32f103xe.o(.text)
    USART2_IRQHandler                        0x08000213   Thumb Code     0  startup_stm32f103xe.o(.text)
    USART3_IRQHandler                        0x08000213   Thumb Code     0  startup_stm32f103xe.o(.text)
    USBWakeUp_IRQHandler                     0x08000213   Thumb Code     0  startup_stm32f103xe.o(.text)
    USB_HP_CAN1_TX_IRQHandler                0x08000213   Thumb Code     0  startup_stm32f103xe.o(.text)
    USB_LP_CAN1_RX0_IRQHandler               0x08000213   Thumb Code     0  startup_stm32f103xe.o(.text)
    WWDG_IRQHandler                          0x08000213   Thumb Code     0  startup_stm32f103xe.o(.text)
    __user_initial_stackheap                 0x08000215   Thumb Code     0  startup_stm32f103xe.o(.text)
    __use_no_semihosting                     0x08000239   Thumb Code     2  use_no_semi_2.o(.text)
    __2printf                                0x0800023d   Thumb Code    20  noretval__2printf.o(.text)
    __2sprintf                               0x08000255   Thumb Code    34  noretval__2sprintf.o(.text)
    _printf_pre_padding                      0x0800027d   Thumb Code    44  _printf_pad.o(.text)
    _printf_post_padding                     0x080002a9   Thumb Code    34  _printf_pad.o(.text)
    _printf_str                              0x080002cb   Thumb Code    82  _printf_str.o(.text)
    _printf_int_dec                          0x0800031d   Thumb Code   104  _printf_dec.o(.text)
    _printf_int_hex                          0x08000395   Thumb Code    84  _printf_hex_int.o(.text)
    _printf_longlong_hex                     0x08000395   Thumb Code     0  _printf_hex_int.o(.text)
    __printf                                 0x080003ed   Thumb Code   308  __printf_flags_wp.o(.text)
    __aeabi_memclr4                          0x08000525   Thumb Code     0  rt_memclr_w.o(.text)
    __aeabi_memclr8                          0x08000525   Thumb Code     0  rt_memclr_w.o(.text)
    __rt_memclr_w                            0x08000525   Thumb Code    78  rt_memclr_w.o(.text)
    _memset_w                                0x08000529   Thumb Code     0  rt_memclr_w.o(.text)
    __use_two_region_memory                  0x08000573   Thumb Code     2  heapauxi.o(.text)
    __rt_heap_escrow$2region                 0x08000575   Thumb Code     2  heapauxi.o(.text)
    __rt_heap_expand$2region                 0x08000577   Thumb Code     2  heapauxi.o(.text)
    __semihosting$guard                      0x08000579   Thumb Code     0  use_no_semi.o(.text)
    __use_no_semihosting_swi                 0x08000579   Thumb Code     2  use_no_semi.o(.text)
    __read_errno                             0x0800057b   Thumb Code    10  _rserrno.o(.text)
    __set_errno                              0x08000585   Thumb Code    12  _rserrno.o(.text)
    _printf_int_common                       0x08000591   Thumb Code   178  _printf_intcommon.o(.text)
    __lib_sel_fp_printf                      0x08000643   Thumb Code     2  _printf_fp_dec.o(.text)
    _printf_fp_dec_real                      0x080007f5   Thumb Code   620  _printf_fp_dec.o(.text)
    _printf_char_common                      0x08000a6b   Thumb Code    32  _printf_char_common.o(.text)
    _sputc                                   0x08000a91   Thumb Code    10  _sputc.o(.text)
    _printf_cs_common                        0x08000a9b   Thumb Code    20  _printf_char.o(.text)
    _printf_char                             0x08000aaf   Thumb Code    16  _printf_char.o(.text)
    _printf_string                           0x08000abf   Thumb Code     8  _printf_char.o(.text)
    _printf_char_file                        0x08000ac9   Thumb Code    32  _printf_char_file.o(.text)
    __rt_locale                              0x08000aed   Thumb Code     8  rt_locale_intlibspace.o(.text)
    __aeabi_errno_addr                       0x08000af5   Thumb Code     8  rt_errno_addr_intlibspace.o(.text)
    __errno$intlibspace                      0x08000af5   Thumb Code     0  rt_errno_addr_intlibspace.o(.text)
    __rt_errno_addr$intlibspace              0x08000af5   Thumb Code     0  rt_errno_addr_intlibspace.o(.text)
    _ll_udiv10                               0x08000afd   Thumb Code   138  lludiv10.o(.text)
    _printf_fp_infnan                        0x08000b89   Thumb Code   112  _printf_fp_infnan.o(.text)
    _btod_etento                             0x08000c09   Thumb Code   224  bigflt0.o(.text)
    ferror                                   0x08000ced   Thumb Code     8  ferror.o(.text)
    __user_libspace                          0x08000cf5   Thumb Code     8  libspace.o(.text)
    __user_perproc_libspace                  0x08000cf5   Thumb Code     0  libspace.o(.text)
    __user_perthread_libspace                0x08000cf5   Thumb Code     0  libspace.o(.text)
    __user_setup_stackheap                   0x08000cfd   Thumb Code    74  sys_stackheap_outer.o(.text)
    exit                                     0x08000d47   Thumb Code    18  exit.o(.text)
    strcmp                                   0x08000d59   Thumb Code   128  strcmpv7m.o(.text)
    _btod_d2e                                0x08000dd9   Thumb Code    62  btod.o(CL$$btod_d2e)
    _d2e_denorm_low                          0x08000e17   Thumb Code    70  btod.o(CL$$btod_d2e_denorm_low)
    _d2e_norm_op1                            0x08000e5d   Thumb Code    96  btod.o(CL$$btod_d2e_norm_op1)
    __btod_div_common                        0x08000ebd   Thumb Code   696  btod.o(CL$$btod_div_common)
    _e2e                                     0x080011f5   Thumb Code   220  btod.o(CL$$btod_e2e)
    _btod_ediv                               0x080012d1   Thumb Code    42  btod.o(CL$$btod_ediv)
    _btod_emul                               0x080012fb   Thumb Code    42  btod.o(CL$$btod_emul)
    __btod_mult_common                       0x08001325   Thumb Code   580  btod.o(CL$$btod_mult_common)
    ADC_ConversionStop_Disable               0x08001569   Thumb Code    82  stm32f1xx_hal_adc.o(i.ADC_ConversionStop_Disable)
    ADC_DMAConvCplt                          0x080015bb   Thumb Code    82  stm32f1xx_hal_adc.o(i.ADC_DMAConvCplt)
    ADC_DMAError                             0x0800160d   Thumb Code    30  stm32f1xx_hal_adc.o(i.ADC_DMAError)
    ADC_DMAHalfConvCplt                      0x0800162b   Thumb Code    14  stm32f1xx_hal_adc.o(i.ADC_DMAHalfConvCplt)
    ADC_Enable                               0x08001639   Thumb Code   122  stm32f1xx_hal_adc.o(i.ADC_Enable)
    BusFault_Handler                         0x080016bd   Thumb Code     4  stm32f1xx_it.o(i.BusFault_Handler)
    CH4_Average_Data                         0x080016c1   Thumb Code    72  mq-4.o(i.CH4_Average_Data)
    CH4_Get_Vol                              0x0800171d   Thumb Code    84  mq-4.o(i.CH4_Get_Vol)
    CO_Average_Data                          0x08001789   Thumb Code    72  mq-7.o(i.CO_Average_Data)
    CO_Get_Vol                               0x080017e5   Thumb Code    86  mq-7.o(i.CO_Get_Vol)
    DMA1_Channel1_IRQHandler                 0x08001855   Thumb Code    34  adc.o(i.DMA1_Channel1_IRQHandler)
    DebugMon_Handler                         0x080018ad   Thumb Code     2  stm32f1xx_it.o(i.DebugMon_Handler)
    EXTI0_IRQHandler                         0x080018b1   Thumb Code    16  exti.o(i.EXTI0_IRQHandler)
    EXTI3_IRQHandler                         0x080018c5   Thumb Code    16  exti.o(i.EXTI3_IRQHandler)
    EXTI4_IRQHandler                         0x080018d9   Thumb Code    16  exti.o(i.EXTI4_IRQHandler)
    FSMC_NORSRAM_Extended_Timing_Init        0x080018ed   Thumb Code    62  stm32f1xx_ll_fsmc.o(i.FSMC_NORSRAM_Extended_Timing_Init)
    FSMC_NORSRAM_Init                        0x08001931   Thumb Code   116  stm32f1xx_ll_fsmc.o(i.FSMC_NORSRAM_Init)
    FSMC_NORSRAM_Timing_Init                 0x080019a9   Thumb Code    66  stm32f1xx_ll_fsmc.o(i.FSMC_NORSRAM_Timing_Init)
    HAL_ADCEx_Calibration_Start              0x080019ed   Thumb Code   256  stm32f1xx_hal_adc_ex.o(i.HAL_ADCEx_Calibration_Start)
    HAL_ADC_ConfigChannel                    0x08001af1   Thumb Code   338  stm32f1xx_hal_adc.o(i.HAL_ADC_ConfigChannel)
    HAL_ADC_ConvCpltCallback                 0x08001c51   Thumb Code     2  stm32f1xx_hal_adc.o(i.HAL_ADC_ConvCpltCallback)
    HAL_ADC_ConvHalfCpltCallback             0x08001c53   Thumb Code     2  stm32f1xx_hal_adc.o(i.HAL_ADC_ConvHalfCpltCallback)
    HAL_ADC_ErrorCallback                    0x08001c55   Thumb Code     2  stm32f1xx_hal_adc.o(i.HAL_ADC_ErrorCallback)
    HAL_ADC_Init                             0x08001c59   Thumb Code   340  stm32f1xx_hal_adc.o(i.HAL_ADC_Init)
    HAL_ADC_MspInit                          0x08001db9   Thumb Code     2  stm32f1xx_hal_adc.o(i.HAL_ADC_MspInit)
    HAL_ADC_Start_DMA                        0x08001dbd   Thumb Code   362  stm32f1xx_hal_adc.o(i.HAL_ADC_Start_DMA)
    HAL_DMA_Abort_IT                         0x08001f3d   Thumb Code   414  stm32f1xx_hal_dma.o(i.HAL_DMA_Abort_IT)
    HAL_DMA_Init                             0x080020e5   Thumb Code   132  stm32f1xx_hal_dma.o(i.HAL_DMA_Init)
    HAL_DMA_Start_IT                         0x08002171   Thumb Code   156  stm32f1xx_hal_dma.o(i.HAL_DMA_Start_IT)
    HAL_GPIO_EXTI_Callback                   0x0800220d   Thumb Code   588  exti.o(i.HAL_GPIO_EXTI_Callback)
    HAL_GPIO_EXTI_IRQHandler                 0x080024bd   Thumb Code    24  stm32f1xx_hal_gpio.o(i.HAL_GPIO_EXTI_IRQHandler)
    HAL_GPIO_Init                            0x080024d9   Thumb Code   792  stm32f1xx_hal_gpio.o(i.HAL_GPIO_Init)
    HAL_GPIO_ReadPin                         0x08002819   Thumb Code    16  stm32f1xx_hal_gpio.o(i.HAL_GPIO_ReadPin)
    HAL_GPIO_TogglePin                       0x08002829   Thumb Code    20  stm32f1xx_hal_gpio.o(i.HAL_GPIO_TogglePin)
    HAL_GPIO_WritePin                        0x0800283d   Thumb Code    12  stm32f1xx_hal_gpio.o(i.HAL_GPIO_WritePin)
    HAL_GetTick                              0x08002849   Thumb Code     6  stm32f1xx_hal.o(i.HAL_GetTick)
    HAL_IncTick                              0x08002855   Thumb Code    16  stm32f1xx_hal.o(i.HAL_IncTick)
    HAL_Init                                 0x0800286d   Thumb Code    34  stm32f1xx_hal.o(i.HAL_Init)
    HAL_InitTick                             0x08002895   Thumb Code    64  stm32f1xx_hal.o(i.HAL_InitTick)
    HAL_MspInit                              0x080028e1   Thumb Code     2  stm32f1xx_hal.o(i.HAL_MspInit)
    HAL_NVIC_EnableIRQ                       0x080028e3   Thumb Code    32  stm32f1xx_hal_cortex.o(i.HAL_NVIC_EnableIRQ)
    HAL_NVIC_SetPriority                     0x08002903   Thumb Code   124  stm32f1xx_hal_cortex.o(i.HAL_NVIC_SetPriority)
    HAL_NVIC_SetPriorityGrouping             0x08002981   Thumb Code    32  stm32f1xx_hal_cortex.o(i.HAL_NVIC_SetPriorityGrouping)
    HAL_PWR_EnableBkUpAccess                 0x080029a9   Thumb Code     8  stm32f1xx_hal_pwr.o(i.HAL_PWR_EnableBkUpAccess)
    HAL_RCCEx_GetPeriphCLKFreq               0x080029b5   Thumb Code   276  stm32f1xx_hal_rcc_ex.o(i.HAL_RCCEx_GetPeriphCLKFreq)
    HAL_RCCEx_PeriphCLKConfig                0x08002ae9   Thumb Code   290  stm32f1xx_hal_rcc_ex.o(i.HAL_RCCEx_PeriphCLKConfig)
    HAL_RCC_ClockConfig                      0x08002c19   Thumb Code   376  stm32f1xx_hal_rcc.o(i.HAL_RCC_ClockConfig)
    HAL_RCC_GetHCLKFreq                      0x08002da5   Thumb Code     6  stm32f1xx_hal_rcc.o(i.HAL_RCC_GetHCLKFreq)
    HAL_RCC_GetPCLK1Freq                     0x08002db1   Thumb Code    22  stm32f1xx_hal_rcc.o(i.HAL_RCC_GetPCLK1Freq)
    HAL_RCC_GetPCLK2Freq                     0x08002dd1   Thumb Code    22  stm32f1xx_hal_rcc.o(i.HAL_RCC_GetPCLK2Freq)
    HAL_RCC_GetSysClockFreq                  0x08002df1   Thumb Code   116  stm32f1xx_hal_rcc.o(i.HAL_RCC_GetSysClockFreq)
    HAL_RCC_OscConfig                        0x08002e85   Thumb Code  1114  stm32f1xx_hal_rcc.o(i.HAL_RCC_OscConfig)
    HAL_RTCEx_BKUPRead                       0x080032e9   Thumb Code    20  stm32f1xx_hal_rtc_ex.o(i.HAL_RTCEx_BKUPRead)
    HAL_RTCEx_BKUPWrite                      0x08003301   Thumb Code    18  stm32f1xx_hal_rtc_ex.o(i.HAL_RTCEx_BKUPWrite)
    HAL_RTC_Init                             0x08003319   Thumb Code   202  stm32f1xx_hal_rtc.o(i.HAL_RTC_Init)
    HAL_RTC_MspInit                          0x080033e9   Thumb Code   144  rtc.o(i.HAL_RTC_MspInit)
    HAL_RTC_WaitForSynchro                   0x08003481   Thumb Code    64  stm32f1xx_hal_rtc.o(i.HAL_RTC_WaitForSynchro)
    HAL_SRAM_Init                            0x080034c1   Thumb Code   102  stm32f1xx_hal_sram.o(i.HAL_SRAM_Init)
    HAL_SRAM_MspInit                         0x08003529   Thumb Code   130  lcd.o(i.HAL_SRAM_MspInit)
    HAL_SYSTICK_Config                       0x080035b9   Thumb Code    52  stm32f1xx_hal_cortex.o(i.HAL_SYSTICK_Config)
    HAL_UART_ErrorCallback                   0x080035ed   Thumb Code     2  stm32f1xx_hal_uart.o(i.HAL_UART_ErrorCallback)
    HAL_UART_IRQHandler                      0x080035f1   Thumb Code   334  stm32f1xx_hal_uart.o(i.HAL_UART_IRQHandler)
    HAL_UART_Init                            0x08003745   Thumb Code   114  stm32f1xx_hal_uart.o(i.HAL_UART_Init)
    HAL_UART_MspInit                         0x080037b9   Thumb Code   168  usart.o(i.HAL_UART_MspInit)
    HAL_UART_Receive_IT                      0x0800386d   Thumb Code   112  stm32f1xx_hal_uart.o(i.HAL_UART_Receive_IT)
    HAL_UART_RxCpltCallback                  0x080038dd   Thumb Code   134  usart.o(i.HAL_UART_RxCpltCallback)
    HAL_UART_TxCpltCallback                  0x08003979   Thumb Code     2  stm32f1xx_hal_uart.o(i.HAL_UART_TxCpltCallback)
    HardFault_Handler                        0x0800397b   Thumb Code     4  stm32f1xx_it.o(i.HardFault_Handler)
    MQ136_Average_Data                       0x08003981   Thumb Code    54  mq-136.o(i.MQ136_Average_Data)
    MQ136_GetPPM                             0x080039bd   Thumb Code   296  mq-136.o(i.MQ136_GetPPM)
    MQ136_Get_Vol                            0x08003b2d   Thumb Code    66  mq-136.o(i.MQ136_Get_Vol)
    MQ4_GetPPM                               0x08003b75   Thumb Code    86  mq-4.o(i.MQ4_GetPPM)
    MQ7_GetPPM                               0x08003bed   Thumb Code   144  mq-7.o(i.MQ7_GetPPM)
    MQ7_PPM_Calibration                      0x08003ca1   Thumb Code    76  mq-7.o(i.MQ7_PPM_Calibration)
    MemManage_Handler                        0x08003d09   Thumb Code     4  stm32f1xx_it.o(i.MemManage_Handler)
    NMI_Handler                              0x08003d0d   Thumb Code     2  stm32f1xx_it.o(i.NMI_Handler)
    PendSV_Handler                           0x08003d0f   Thumb Code     2  stm32f1xx_it.o(i.PendSV_Handler)
    RTC_IRQHandler                           0x08003dad   Thumb Code   110  rtc.o(i.RTC_IRQHandler)
    SVC_Handler                              0x08003e45   Thumb Code     2  stm32f1xx_it.o(i.SVC_Handler)
    SysTick_Handler                          0x08003e47   Thumb Code     8  stm32f1xx_it.o(i.SysTick_Handler)
    SystemInit                               0x08003e4f   Thumb Code     2  system_stm32f1xx.o(i.SystemInit)
    USART1_IRQHandler                        0x080040a1   Thumb Code    10  usart.o(i.USART1_IRQHandler)
    UsageFault_Handler                       0x080040b1   Thumb Code     4  stm32f1xx_it.o(i.UsageFault_Handler)
    __ARM_fpclassify                         0x080040b5   Thumb Code    40  fpclassify.o(i.__ARM_fpclassify)
    __kernel_poly                            0x08004115   Thumb Code   170  poly.o(i.__kernel_poly)
    __mathlib_dbl_divzero                    0x080041c1   Thumb Code    12  dunder.o(i.__mathlib_dbl_divzero)
    __mathlib_dbl_infnan2                    0x080041d1   Thumb Code     4  dunder.o(i.__mathlib_dbl_infnan2)
    __mathlib_dbl_invalid                    0x080041d5   Thumb Code    12  dunder.o(i.__mathlib_dbl_invalid)
    __mathlib_dbl_overflow                   0x080041e1   Thumb Code    14  dunder.o(i.__mathlib_dbl_overflow)
    __mathlib_dbl_underflow                  0x080041f1   Thumb Code    10  dunder.o(i.__mathlib_dbl_underflow)
    _is_digit                                0x08004201   Thumb Code    14  __printf_wp.o(i._is_digit)
    _sys_exit                                0x0800420f   Thumb Code     4  usart.o(i._sys_exit)
    adc_dma_enable                           0x08004215   Thumb Code    76  adc.o(i.adc_dma_enable)
    adc_nch_dma_init                         0x08004269   Thumb Code   334  adc.o(i.adc_nch_dma_init)
    delay_init                               0x080043d1   Thumb Code     6  delay.o(i.delay_init)
    delay_ms                                 0x080043dd   Thumb Code    18  delay.o(i.delay_ms)
    delay_us                                 0x080043f1   Thumb Code    68  delay.o(i.delay_us)
    dht11_check                              0x08004439   Thumb Code    82  dht11.o(i.dht11_check)
    dht11_init                               0x08004491   Thumb Code    72  dht11.o(i.dht11_init)
    dht11_read_bit                           0x080044e1   Thumb Code    88  dht11.o(i.dht11_read_bit)
    dht11_read_data                          0x0800455b   Thumb Code    88  dht11.o(i.dht11_read_data)
    extix_init                               0x080045e9   Thumb Code   208  exti.o(i.extix_init)
    fputc                                    0x080046cd   Thumb Code    24  usart.o(i.fputc)
    key_scan                                 0x080046e9   Thumb Code   148  key.o(i.key_scan)
    lcd_clear                                0x08004789   Thumb Code    42  lcd.o(i.lcd_clear)
    lcd_display_dir                          0x080047bd   Thumb Code   360  lcd.o(i.lcd_display_dir)
    lcd_draw_point                           0x08004929   Thumb Code    26  lcd.o(i.lcd_draw_point)
    lcd_ex_ili9341_reginit                   0x08004949   Thumb Code   556  lcd.o(i.lcd_ex_ili9341_reginit)
    lcd_ex_ili9806_reginit                   0x08004b75   Thumb Code   832  lcd.o(i.lcd_ex_ili9806_reginit)
    lcd_ex_nt35310_reginit                   0x08004eb5   Thumb Code  3826  lcd.o(i.lcd_ex_nt35310_reginit)
    lcd_ex_nt35510_reginit                   0x08005da7   Thumb Code  3836  lcd.o(i.lcd_ex_nt35510_reginit)
    lcd_ex_ssd1963_reginit                   0x08006ca3   Thumb Code   366  lcd.o(i.lcd_ex_ssd1963_reginit)
    lcd_ex_st7789_reginit                    0x08006e11   Thumb Code   424  lcd.o(i.lcd_ex_st7789_reginit)
    lcd_ex_st7796_reginit                    0x08006fb9   Thumb Code   454  lcd.o(i.lcd_ex_st7796_reginit)
    lcd_fill                                 0x08007181   Thumb Code    80  lcd.o(i.lcd_fill)
    lcd_init                                 0x080071d5   Thumb Code  1120  lcd.o(i.lcd_init)
    lcd_scan_dir                             0x08007679   Thumb Code   568  lcd.o(i.lcd_scan_dir)
    lcd_set_cursor                           0x080078b5   Thumb Code   282  lcd.o(i.lcd_set_cursor)
    lcd_show_char                            0x080079d5   Thumb Code   294  lcd.o(i.lcd_show_char)
    lcd_show_num                             0x08007b15   Thumb Code   152  lcd.o(i.lcd_show_num)
    lcd_show_string                          0x08007bad   Thumb Code   106  lcd.o(i.lcd_show_string)
    lcd_ssd_backlight_set                    0x08007c19   Thumb Code    80  lcd.o(i.lcd_ssd_backlight_set)
    lcd_wr_data                              0x08007c6d   Thumb Code    18  lcd.o(i.lcd_wr_data)
    lcd_wr_regno                             0x08007c85   Thumb Code    18  lcd.o(i.lcd_wr_regno)
    lcd_write_ram_prepare                    0x08007c9d   Thumb Code    10  lcd.o(i.lcd_write_ram_prepare)
    lcd_write_reg                            0x08007cb1   Thumb Code    10  lcd.o(i.lcd_write_reg)
    led_init                                 0x08007cc1   Thumb Code   132  led.o(i.led_init)
    main                                     0x08007d51   Thumb Code   948  main.o(i.main)
    pow                                      0x08008239   Thumb Code  2512  pow.o(i.pow)
    rtc_get_time                             0x08008cbd   Thumb Code   254  rtc.o(i.rtc_get_time)
    rtc_get_week                             0x08008dd9   Thumb Code    80  rtc.o(i.rtc_get_week)
    rtc_init                                 0x08008e29   Thumb Code   174  rtc.o(i.rtc_init)
    rtc_read_bkr                             0x08008f19   Thumb Code    20  rtc.o(i.rtc_read_bkr)
    rtc_set_time                             0x08008f31   Thumb Code   154  rtc.o(i.rtc_set_time)
    rtc_write_bkr                            0x08008fd9   Thumb Code    22  rtc.o(i.rtc_write_bkr)
    sqrt                                     0x08008ff5   Thumb Code    76  sqrt.o(i.sqrt)
    sys_stm32_clock_init                     0x08009041   Thumb Code   102  sys.o(i.sys_stm32_clock_init)
    usart_init                               0x080090a9   Thumb Code    44  usart.o(i.usart_init)
    _get_lc_numeric                          0x080090e1   Thumb Code    44  lc_numeric_c.o(locale$$code)
    __aeabi_d2f                              0x0800910d   Thumb Code     0  d2f.o(x$fpl$d2f)
    _d2f                                     0x0800910d   Thumb Code    98  d2f.o(x$fpl$d2f)
    __aeabi_dadd                             0x08009171   Thumb Code     0  daddsub_clz.o(x$fpl$dadd)
    _dadd                                    0x08009171   Thumb Code   332  daddsub_clz.o(x$fpl$dadd)
    __fpl_dcheck_NaN1                        0x080092c1   Thumb Code    10  dcheck1.o(x$fpl$dcheck1)
    __fpl_dcmp_Inf                           0x080092d1   Thumb Code    24  dcmpi.o(x$fpl$dcmpinf)
    __aeabi_ddiv                             0x080092e9   Thumb Code     0  ddiv.o(x$fpl$ddiv)
    _ddiv                                    0x080092e9   Thumb Code   552  ddiv.o(x$fpl$ddiv)
    __aeabi_d2uiz                            0x08009599   Thumb Code     0  dfixu.o(x$fpl$dfixu)
    _dfixu                                   0x08009599   Thumb Code    90  dfixu.o(x$fpl$dfixu)
    __aeabi_i2d                              0x080095f3   Thumb Code     0  dflt_clz.o(x$fpl$dflt)
    _dflt                                    0x080095f3   Thumb Code    46  dflt_clz.o(x$fpl$dflt)
    __aeabi_ui2d                             0x08009621   Thumb Code     0  dflt_clz.o(x$fpl$dfltu)
    _dfltu                                   0x08009621   Thumb Code    38  dflt_clz.o(x$fpl$dfltu)
    __aeabi_cdcmple                          0x08009649   Thumb Code     0  dleqf.o(x$fpl$dleqf)
    _dcmple                                  0x08009649   Thumb Code   120  dleqf.o(x$fpl$dleqf)
    __fpl_dcmple_InfNaN                      0x080096ab   Thumb Code     0  dleqf.o(x$fpl$dleqf)
    __aeabi_dmul                             0x080096c1   Thumb Code     0  dmul.o(x$fpl$dmul)
    _dmul                                    0x080096c1   Thumb Code   332  dmul.o(x$fpl$dmul)
    __fpl_dnaninf                            0x08009815   Thumb Code   156  dnaninf.o(x$fpl$dnaninf)
    __fpl_dretinf                            0x080098b1   Thumb Code    12  dretinf.o(x$fpl$dretinf)
    __aeabi_cdrcmple                         0x080098bd   Thumb Code     0  drleqf.o(x$fpl$drleqf)
    _drcmple                                 0x080098bd   Thumb Code   108  drleqf.o(x$fpl$drleqf)
    __aeabi_drsub                            0x08009929   Thumb Code     0  daddsub_clz.o(x$fpl$drsb)
    _drsb                                    0x08009929   Thumb Code    22  daddsub_clz.o(x$fpl$drsb)
    _dsqrt                                   0x08009941   Thumb Code   456  dsqrt_noumaal.o(x$fpl$dsqrt)
    __aeabi_dsub                             0x08009b0d   Thumb Code     0  daddsub_clz.o(x$fpl$dsub)
    _dsub                                    0x08009b0d   Thumb Code   464  daddsub_clz.o(x$fpl$dsub)
    __aeabi_f2d                              0x08009ce1   Thumb Code     0  f2d.o(x$fpl$f2d)
    _f2d                                     0x08009ce1   Thumb Code    86  f2d.o(x$fpl$f2d)
    __aeabi_fadd                             0x08009d39   Thumb Code     0  faddsub_clz.o(x$fpl$fadd)
    _fadd                                    0x08009d39   Thumb Code   196  faddsub_clz.o(x$fpl$fadd)
    __fpl_fcmp_Inf                           0x08009dfd   Thumb Code    24  fcmpi.o(x$fpl$fcmpinf)
    __aeabi_fdiv                             0x08009e15   Thumb Code     0  fdiv.o(x$fpl$fdiv)
    _fdiv                                    0x08009e15   Thumb Code   384  fdiv.o(x$fpl$fdiv)
    __aeabi_f2uiz                            0x08009f99   Thumb Code     0  ffixu.o(x$fpl$ffixu)
    _ffixu                                   0x08009f99   Thumb Code    62  ffixu.o(x$fpl$ffixu)
    __aeabi_cfcmple                          0x08009fd9   Thumb Code     0  fleqf.o(x$fpl$fleqf)
    _fcmple                                  0x08009fd9   Thumb Code   104  fleqf.o(x$fpl$fleqf)
    __fpl_fcmple_InfNaN                      0x0800a02b   Thumb Code     0  fleqf.o(x$fpl$fleqf)
    __aeabi_fmul                             0x0800a041   Thumb Code     0  fmul.o(x$fpl$fmul)
    _fmul                                    0x0800a041   Thumb Code   258  fmul.o(x$fpl$fmul)
    __fpl_fnaninf                            0x0800a143   Thumb Code   140  fnaninf.o(x$fpl$fnaninf)
    __fpl_fretinf                            0x0800a1cf   Thumb Code    10  fretinf.o(x$fpl$fretinf)
    __aeabi_cfrcmple                         0x0800a1d9   Thumb Code     0  frleqf.o(x$fpl$frleqf)
    _frcmple                                 0x0800a1d9   Thumb Code    98  frleqf.o(x$fpl$frleqf)
    __aeabi_frsub                            0x0800a23b   Thumb Code     0  faddsub_clz.o(x$fpl$frsb)
    _frsb                                    0x0800a23b   Thumb Code    20  faddsub_clz.o(x$fpl$frsb)
    __aeabi_fsub                             0x0800a251   Thumb Code     0  faddsub_clz.o(x$fpl$fsub)
    _fsub                                    0x0800a251   Thumb Code   234  faddsub_clz.o(x$fpl$fsub)
    _printf_fp_dec                           0x0800a33b   Thumb Code     4  printf1.o(x$fpl$printf1)
    __fpl_return_NaN                         0x0800a33f   Thumb Code   100  retnan.o(x$fpl$retnan)
    __ARM_scalbn                             0x0800a3a3   Thumb Code    92  scalbn.o(x$fpl$scalbn)
    __fpl_cmpreturn                          0x0800a3ff   Thumb Code    48  trapv.o(x$fpl$trapveneer)
    AHBPrescTable                            0x0800a42e   Data          16  system_stm32f1xx.o(.constdata)
    __I$use$fp                               0x0800a42e   Number         0  usenofp.o(x$fpl$usenofp)
    APBPrescTable                            0x0800a43e   Data           8  system_stm32f1xx.o(.constdata)
    asc2_1206                                0x0800a446   Data        1140  lcd.o(.constdata)
    asc2_1608                                0x0800a8ba   Data        1520  lcd.o(.constdata)
    asc2_2412                                0x0800aeaa   Data        3420  lcd.o(.constdata)
    asc2_3216                                0x0800bc06   Data        6080  lcd.o(.constdata)
    __mathlib_zero                           0x0800d488   Data           8  qnan.o(.constdata)
    Region$$Table$$Base                      0x0800d568   Number         0  anon$$obj.o(Region$$Table)
    Region$$Table$$Limit                     0x0800d588   Number         0  anon$$obj.o(Region$$Table)
    weekdays                                 0x20000000   Data          28  main.o(.data)
    SystemCoreClock                          0x2000001c   Data           4  system_stm32f1xx.o(.data)
    __stdout                                 0x20000024   Data           4  usart.o(.data)
    g_usart_rx_sta                           0x20000028   Data           2  usart.o(.data)
    g_rx_buffer                              0x2000002a   Data           1  usart.o(.data)
    uwTick                                   0x2000002c   Data           4  stm32f1xx_hal.o(.data)
    uwTickPrio                               0x20000030   Data           4  stm32f1xx_hal.o(.data)
    uwTickFreq                               0x20000034   Data           1  stm32f1xx_hal.o(.data)
    g_point_color                            0x20000038   Data           4  lcd.o(.data)
    g_back_color                             0x2000003c   Data           4  lcd.o(.data)
    g_adc_dma_sta                            0x20000040   Data           1  adc.o(.data)
    MQ7_R0                                   0x20000044   Data           4  mq-7.o(.data)
    set_mode                                 0x20000048   Data           1  exti.o(.data)
    g_adc_dma_buf                            0x20000050   Data          60  main.o(.bss)
    g_usart_rx_buf                           0x2000008c   Data         200  usart.o(.bss)
    g_uart1_handle                           0x20000154   Data          64  usart.o(.bss)
    g_sram_handle                            0x20000194   Data          72  lcd.o(.bss)
    lcddev                                   0x200001dc   Data          14  lcd.o(.bss)
    g_dma_nch_adc_handle                     0x200001ec   Data          68  adc.o(.bss)
    g_adc_nch_dma_handle                     0x20000230   Data          48  adc.o(.bss)
    g_rtc_handle                             0x20000260   Data          20  rtc.o(.bss)
    calendar                                 0x20000274   Data          10  rtc.o(.bss)
    __libspace_start                         0x20000280   Data          96  libspace.o(.bss)
    __temporary_stack_top$libspace           0x200002e0   Data           0  libspace.o(.bss)



==============================================================================

Memory Map of the image

  Image Entry point : 0x08000131

  Load Region LR_IROM1 (Base: 0x08000000, Size: 0x0000d5f4, Max: 0x00080000, ABSOLUTE)

    Execution Region ER_IROM1 (Exec base: 0x08000000, Load base: 0x08000000, Size: 0x0000d5a4, Max: 0x00080000, ABSOLUTE)

    Exec Addr    Load Addr    Size         Type   Attr      Idx    E Section Name        Object

    0x08000000   0x08000000   0x00000130   Data   RO            3    RESET               startup_stm32f103xe.o
    0x08000130   0x08000130   0x00000008   Code   RO         3855  * !!!main             c_w.l(__main.o)
    0x08000138   0x08000138   0x00000034   Code   RO         4186    !!!scatter          c_w.l(__scatter.o)
    0x0800016c   0x0800016c   0x0000001a   Code   RO         4188    !!handler_copy      c_w.l(__scatter_copy.o)
    0x08000186   0x08000186   0x00000002   PAD
    0x08000188   0x08000188   0x0000001c   Code   RO         4190    !!handler_zi        c_w.l(__scatter_zi.o)
    0x080001a4   0x080001a4   0x00000000   Code   RO         3850    .ARM.Collect$$_printf_percent$$00000000  c_w.l(_printf_percent.o)
    0x080001a4   0x080001a4   0x00000006   Code   RO         3849    .ARM.Collect$$_printf_percent$$00000003  c_w.l(_printf_f.o)
    0x080001aa   0x080001aa   0x00000006   Code   RO         3848    .ARM.Collect$$_printf_percent$$00000009  c_w.l(_printf_d.o)
    0x080001b0   0x080001b0   0x00000006   Code   RO         3847    .ARM.Collect$$_printf_percent$$0000000C  c_w.l(_printf_x.o)
    0x080001b6   0x080001b6   0x00000006   Code   RO         3846    .ARM.Collect$$_printf_percent$$00000014  c_w.l(_printf_s.o)
    0x080001bc   0x080001bc   0x00000004   Code   RO         3930    .ARM.Collect$$_printf_percent$$00000017  c_w.l(_printf_percent_end.o)
    0x080001c0   0x080001c0   0x00000002   Code   RO         4060    .ARM.Collect$$libinit$$00000000  c_w.l(libinit.o)
    0x080001c2   0x080001c2   0x00000000   Code   RO         4062    .ARM.Collect$$libinit$$00000002  c_w.l(libinit2.o)
    0x080001c2   0x080001c2   0x00000000   Code   RO         4064    .ARM.Collect$$libinit$$00000004  c_w.l(libinit2.o)
    0x080001c2   0x080001c2   0x00000000   Code   RO         4067    .ARM.Collect$$libinit$$0000000A  c_w.l(libinit2.o)
    0x080001c2   0x080001c2   0x00000000   Code   RO         4069    .ARM.Collect$$libinit$$0000000C  c_w.l(libinit2.o)
    0x080001c2   0x080001c2   0x00000000   Code   RO         4071    .ARM.Collect$$libinit$$0000000E  c_w.l(libinit2.o)
    0x080001c2   0x080001c2   0x00000006   Code   RO         4072    .ARM.Collect$$libinit$$0000000F  c_w.l(libinit2.o)
    0x080001c8   0x080001c8   0x00000000   Code   RO         4074    .ARM.Collect$$libinit$$00000011  c_w.l(libinit2.o)
    0x080001c8   0x080001c8   0x00000000   Code   RO         4076    .ARM.Collect$$libinit$$00000013  c_w.l(libinit2.o)
    0x080001c8   0x080001c8   0x00000000   Code   RO         4078    .ARM.Collect$$libinit$$00000015  c_w.l(libinit2.o)
    0x080001c8   0x080001c8   0x0000000a   Code   RO         4079    .ARM.Collect$$libinit$$00000016  c_w.l(libinit2.o)
    0x080001d2   0x080001d2   0x00000000   Code   RO         4080    .ARM.Collect$$libinit$$00000017  c_w.l(libinit2.o)
    0x080001d2   0x080001d2   0x00000000   Code   RO         4082    .ARM.Collect$$libinit$$00000019  c_w.l(libinit2.o)
    0x080001d2   0x080001d2   0x00000000   Code   RO         4084    .ARM.Collect$$libinit$$0000001B  c_w.l(libinit2.o)
    0x080001d2   0x080001d2   0x00000000   Code   RO         4086    .ARM.Collect$$libinit$$0000001D  c_w.l(libinit2.o)
    0x080001d2   0x080001d2   0x00000000   Code   RO         4088    .ARM.Collect$$libinit$$0000001F  c_w.l(libinit2.o)
    0x080001d2   0x080001d2   0x00000000   Code   RO         4090    .ARM.Collect$$libinit$$00000021  c_w.l(libinit2.o)
    0x080001d2   0x080001d2   0x00000000   Code   RO         4092    .ARM.Collect$$libinit$$00000023  c_w.l(libinit2.o)
    0x080001d2   0x080001d2   0x00000000   Code   RO         4094    .ARM.Collect$$libinit$$00000025  c_w.l(libinit2.o)
    0x080001d2   0x080001d2   0x00000000   Code   RO         4098    .ARM.Collect$$libinit$$0000002C  c_w.l(libinit2.o)
    0x080001d2   0x080001d2   0x00000000   Code   RO         4100    .ARM.Collect$$libinit$$0000002E  c_w.l(libinit2.o)
    0x080001d2   0x080001d2   0x00000000   Code   RO         4102    .ARM.Collect$$libinit$$00000030  c_w.l(libinit2.o)
    0x080001d2   0x080001d2   0x00000000   Code   RO         4104    .ARM.Collect$$libinit$$00000032  c_w.l(libinit2.o)
    0x080001d2   0x080001d2   0x00000002   Code   RO         4105    .ARM.Collect$$libinit$$00000033  c_w.l(libinit2.o)
    0x080001d4   0x080001d4   0x00000002   Code   RO         4137    .ARM.Collect$$libshutdown$$00000000  c_w.l(libshutdown.o)
    0x080001d6   0x080001d6   0x00000000   Code   RO         4145    .ARM.Collect$$libshutdown$$00000002  c_w.l(libshutdown2.o)
    0x080001d6   0x080001d6   0x00000000   Code   RO         4147    .ARM.Collect$$libshutdown$$00000004  c_w.l(libshutdown2.o)
    0x080001d6   0x080001d6   0x00000000   Code   RO         4149    .ARM.Collect$$libshutdown$$00000006  c_w.l(libshutdown2.o)
    0x080001d6   0x080001d6   0x00000000   Code   RO         4152    .ARM.Collect$$libshutdown$$00000009  c_w.l(libshutdown2.o)
    0x080001d6   0x080001d6   0x00000000   Code   RO         4155    .ARM.Collect$$libshutdown$$0000000C  c_w.l(libshutdown2.o)
    0x080001d6   0x080001d6   0x00000000   Code   RO         4157    .ARM.Collect$$libshutdown$$0000000E  c_w.l(libshutdown2.o)
    0x080001d6   0x080001d6   0x00000000   Code   RO         4160    .ARM.Collect$$libshutdown$$00000011  c_w.l(libshutdown2.o)
    0x080001d6   0x080001d6   0x00000002   Code   RO         4161    .ARM.Collect$$libshutdown$$00000012  c_w.l(libshutdown2.o)
    0x080001d8   0x080001d8   0x00000000   Code   RO         3915    .ARM.Collect$$rtentry$$00000000  c_w.l(__rtentry.o)
    0x080001d8   0x080001d8   0x00000000   Code   RO         3974    .ARM.Collect$$rtentry$$00000002  c_w.l(__rtentry2.o)
    0x080001d8   0x080001d8   0x00000006   Code   RO         3986    .ARM.Collect$$rtentry$$00000004  c_w.l(__rtentry4.o)
    0x080001de   0x080001de   0x00000000   Code   RO         3976    .ARM.Collect$$rtentry$$00000009  c_w.l(__rtentry2.o)
    0x080001de   0x080001de   0x00000004   Code   RO         3977    .ARM.Collect$$rtentry$$0000000A  c_w.l(__rtentry2.o)
    0x080001e2   0x080001e2   0x00000000   Code   RO         3979    .ARM.Collect$$rtentry$$0000000C  c_w.l(__rtentry2.o)
    0x080001e2   0x080001e2   0x00000008   Code   RO         3980    .ARM.Collect$$rtentry$$0000000D  c_w.l(__rtentry2.o)
    0x080001ea   0x080001ea   0x00000002   Code   RO         4110    .ARM.Collect$$rtexit$$00000000  c_w.l(rtexit.o)
    0x080001ec   0x080001ec   0x00000000   Code   RO         4119    .ARM.Collect$$rtexit$$00000002  c_w.l(rtexit2.o)
    0x080001ec   0x080001ec   0x00000004   Code   RO         4120    .ARM.Collect$$rtexit$$00000003  c_w.l(rtexit2.o)
    0x080001f0   0x080001f0   0x00000006   Code   RO         4121    .ARM.Collect$$rtexit$$00000004  c_w.l(rtexit2.o)
    0x080001f6   0x080001f6   0x00000002   PAD
    0x080001f8   0x080001f8   0x00000040   Code   RO            4    .text               startup_stm32f103xe.o
    0x08000238   0x08000238   0x00000002   Code   RO         3787    .text               c_w.l(use_no_semi_2.o)
    0x0800023a   0x0800023a   0x00000002   PAD
    0x0800023c   0x0800023c   0x00000018   Code   RO         3793    .text               c_w.l(noretval__2printf.o)
    0x08000254   0x08000254   0x00000028   Code   RO         3795    .text               c_w.l(noretval__2sprintf.o)
    0x0800027c   0x0800027c   0x0000004e   Code   RO         3799    .text               c_w.l(_printf_pad.o)
    0x080002ca   0x080002ca   0x00000052   Code   RO         3801    .text               c_w.l(_printf_str.o)
    0x0800031c   0x0800031c   0x00000078   Code   RO         3803    .text               c_w.l(_printf_dec.o)
    0x08000394   0x08000394   0x00000058   Code   RO         3808    .text               c_w.l(_printf_hex_int.o)
    0x080003ec   0x080003ec   0x00000138   Code   RO         3838    .text               c_w.l(__printf_flags_wp.o)
    0x08000524   0x08000524   0x0000004e   Code   RO         3851    .text               c_w.l(rt_memclr_w.o)
    0x08000572   0x08000572   0x00000006   Code   RO         3853    .text               c_w.l(heapauxi.o)
    0x08000578   0x08000578   0x00000002   Code   RO         3913    .text               c_w.l(use_no_semi.o)
    0x0800057a   0x0800057a   0x00000016   Code   RO         3916    .text               c_w.l(_rserrno.o)
    0x08000590   0x08000590   0x000000b2   Code   RO         3918    .text               c_w.l(_printf_intcommon.o)
    0x08000642   0x08000642   0x0000041e   Code   RO         3920    .text               c_w.l(_printf_fp_dec.o)
    0x08000a60   0x08000a60   0x00000030   Code   RO         3922    .text               c_w.l(_printf_char_common.o)
    0x08000a90   0x08000a90   0x0000000a   Code   RO         3924    .text               c_w.l(_sputc.o)
    0x08000a9a   0x08000a9a   0x0000002c   Code   RO         3926    .text               c_w.l(_printf_char.o)
    0x08000ac6   0x08000ac6   0x00000002   PAD
    0x08000ac8   0x08000ac8   0x00000024   Code   RO         3928    .text               c_w.l(_printf_char_file.o)
    0x08000aec   0x08000aec   0x00000008   Code   RO         3991    .text               c_w.l(rt_locale_intlibspace.o)
    0x08000af4   0x08000af4   0x00000008   Code   RO         3996    .text               c_w.l(rt_errno_addr_intlibspace.o)
    0x08000afc   0x08000afc   0x0000008a   Code   RO         3998    .text               c_w.l(lludiv10.o)
    0x08000b86   0x08000b86   0x00000002   PAD
    0x08000b88   0x08000b88   0x00000080   Code   RO         4000    .text               c_w.l(_printf_fp_infnan.o)
    0x08000c08   0x08000c08   0x000000e4   Code   RO         4004    .text               c_w.l(bigflt0.o)
    0x08000cec   0x08000cec   0x00000008   Code   RO         4029    .text               c_w.l(ferror.o)
    0x08000cf4   0x08000cf4   0x00000008   Code   RO         4046    .text               c_w.l(libspace.o)
    0x08000cfc   0x08000cfc   0x0000004a   Code   RO         4049    .text               c_w.l(sys_stackheap_outer.o)
    0x08000d46   0x08000d46   0x00000012   Code   RO         4051    .text               c_w.l(exit.o)
    0x08000d58   0x08000d58   0x00000080   Code   RO         4053    .text               c_w.l(strcmpv7m.o)
    0x08000dd8   0x08000dd8   0x0000003e   Code   RO         4007    CL$$btod_d2e        c_w.l(btod.o)
    0x08000e16   0x08000e16   0x00000046   Code   RO         4009    CL$$btod_d2e_denorm_low  c_w.l(btod.o)
    0x08000e5c   0x08000e5c   0x00000060   Code   RO         4008    CL$$btod_d2e_norm_op1  c_w.l(btod.o)
    0x08000ebc   0x08000ebc   0x00000338   Code   RO         4017    CL$$btod_div_common  c_w.l(btod.o)
    0x080011f4   0x080011f4   0x000000dc   Code   RO         4014    CL$$btod_e2e        c_w.l(btod.o)
    0x080012d0   0x080012d0   0x0000002a   Code   RO         4011    CL$$btod_ediv       c_w.l(btod.o)
    0x080012fa   0x080012fa   0x0000002a   Code   RO         4010    CL$$btod_emul       c_w.l(btod.o)
    0x08001324   0x08001324   0x00000244   Code   RO         4016    CL$$btod_mult_common  c_w.l(btod.o)
    0x08001568   0x08001568   0x00000052   Code   RO         2502    i.ADC_ConversionStop_Disable  stm32f1xx_hal_adc.o
    0x080015ba   0x080015ba   0x00000052   Code   RO         2503    i.ADC_DMAConvCplt   stm32f1xx_hal_adc.o
    0x0800160c   0x0800160c   0x0000001e   Code   RO         2504    i.ADC_DMAError      stm32f1xx_hal_adc.o
    0x0800162a   0x0800162a   0x0000000e   Code   RO         2505    i.ADC_DMAHalfConvCplt  stm32f1xx_hal_adc.o
    0x08001638   0x08001638   0x00000084   Code   RO         2506    i.ADC_Enable        stm32f1xx_hal_adc.o
    0x080016bc   0x080016bc   0x00000004   Code   RO          476    i.BusFault_Handler  stm32f1xx_it.o
    0x080016c0   0x080016c0   0x0000005c   Code   RO         3443    i.CH4_Average_Data  mq-4.o
    0x0800171c   0x0800171c   0x0000006c   Code   RO         3444    i.CH4_Get_Vol       mq-4.o
    0x08001788   0x08001788   0x0000005c   Code   RO         3391    i.CO_Average_Data   mq-7.o
    0x080017e4   0x080017e4   0x00000070   Code   RO         3392    i.CO_Get_Vol        mq-7.o
    0x08001854   0x08001854   0x0000002c   Code   RO         3347    i.DMA1_Channel1_IRQHandler  adc.o
    0x08001880   0x08001880   0x0000002c   Code   RO         1179    i.DMA_SetConfig     stm32f1xx_hal_dma.o
    0x080018ac   0x080018ac   0x00000002   Code   RO          477    i.DebugMon_Handler  stm32f1xx_it.o
    0x080018ae   0x080018ae   0x00000002   PAD
    0x080018b0   0x080018b0   0x00000014   Code   RO         3537    i.EXTI0_IRQHandler  exti.o
    0x080018c4   0x080018c4   0x00000014   Code   RO         3538    i.EXTI3_IRQHandler  exti.o
    0x080018d8   0x080018d8   0x00000014   Code   RO         3539    i.EXTI4_IRQHandler  exti.o
    0x080018ec   0x080018ec   0x00000044   Code   RO         2384    i.FSMC_NORSRAM_Extended_Timing_Init  stm32f1xx_ll_fsmc.o
    0x08001930   0x08001930   0x00000078   Code   RO         2385    i.FSMC_NORSRAM_Init  stm32f1xx_ll_fsmc.o
    0x080019a8   0x080019a8   0x00000042   Code   RO         2386    i.FSMC_NORSRAM_Timing_Init  stm32f1xx_ll_fsmc.o
    0x080019ea   0x080019ea   0x00000002   PAD
    0x080019ec   0x080019ec   0x00000104   Code   RO         2682    i.HAL_ADCEx_Calibration_Start  stm32f1xx_hal_adc_ex.o
    0x08001af0   0x08001af0   0x00000160   Code   RO         2508    i.HAL_ADC_ConfigChannel  stm32f1xx_hal_adc.o
    0x08001c50   0x08001c50   0x00000002   Code   RO         2509    i.HAL_ADC_ConvCpltCallback  stm32f1xx_hal_adc.o
    0x08001c52   0x08001c52   0x00000002   Code   RO         2510    i.HAL_ADC_ConvHalfCpltCallback  stm32f1xx_hal_adc.o
    0x08001c54   0x08001c54   0x00000002   Code   RO         2512    i.HAL_ADC_ErrorCallback  stm32f1xx_hal_adc.o
    0x08001c56   0x08001c56   0x00000002   PAD
    0x08001c58   0x08001c58   0x00000160   Code   RO         2517    i.HAL_ADC_Init      stm32f1xx_hal_adc.o
    0x08001db8   0x08001db8   0x00000002   Code   RO         2520    i.HAL_ADC_MspInit   stm32f1xx_hal_adc.o
    0x08001dba   0x08001dba   0x00000002   PAD
    0x08001dbc   0x08001dbc   0x00000180   Code   RO         2524    i.HAL_ADC_Start_DMA  stm32f1xx_hal_adc.o
    0x08001f3c   0x08001f3c   0x000001a8   Code   RO         1181    i.HAL_DMA_Abort_IT  stm32f1xx_hal_dma.o
    0x080020e4   0x080020e4   0x0000008c   Code   RO         1186    i.HAL_DMA_Init      stm32f1xx_hal_dma.o
    0x08002170   0x08002170   0x0000009c   Code   RO         1190    i.HAL_DMA_Start_IT  stm32f1xx_hal_dma.o
    0x0800220c   0x0800220c   0x000002b0   Code   RO         3540    i.HAL_GPIO_EXTI_Callback  exti.o
    0x080024bc   0x080024bc   0x0000001c   Code   RO         1276    i.HAL_GPIO_EXTI_IRQHandler  stm32f1xx_hal_gpio.o
    0x080024d8   0x080024d8   0x00000340   Code   RO         1277    i.HAL_GPIO_Init     stm32f1xx_hal_gpio.o
    0x08002818   0x08002818   0x00000010   Code   RO         1279    i.HAL_GPIO_ReadPin  stm32f1xx_hal_gpio.o
    0x08002828   0x08002828   0x00000014   Code   RO         1280    i.HAL_GPIO_TogglePin  stm32f1xx_hal_gpio.o
    0x0800283c   0x0800283c   0x0000000c   Code   RO         1281    i.HAL_GPIO_WritePin  stm32f1xx_hal_gpio.o
    0x08002848   0x08002848   0x0000000c   Code   RO          894    i.HAL_GetTick       stm32f1xx_hal.o
    0x08002854   0x08002854   0x00000018   Code   RO          900    i.HAL_IncTick       stm32f1xx_hal.o
    0x0800286c   0x0800286c   0x00000028   Code   RO          901    i.HAL_Init          stm32f1xx_hal.o
    0x08002894   0x08002894   0x0000004c   Code   RO          902    i.HAL_InitTick      stm32f1xx_hal.o
    0x080028e0   0x080028e0   0x00000002   Code   RO          904    i.HAL_MspInit       stm32f1xx_hal.o
    0x080028e2   0x080028e2   0x00000020   Code   RO         1059    i.HAL_NVIC_EnableIRQ  stm32f1xx_hal_cortex.o
    0x08002902   0x08002902   0x0000007c   Code   RO         1065    i.HAL_NVIC_SetPriority  stm32f1xx_hal_cortex.o
    0x0800297e   0x0800297e   0x00000002   PAD
    0x08002980   0x08002980   0x00000028   Code   RO         1066    i.HAL_NVIC_SetPriorityGrouping  stm32f1xx_hal_cortex.o
    0x080029a8   0x080029a8   0x0000000c   Code   RO         1383    i.HAL_PWR_EnableBkUpAccess  stm32f1xx_hal_pwr.o
    0x080029b4   0x080029b4   0x00000134   Code   RO         1609    i.HAL_RCCEx_GetPeriphCLKFreq  stm32f1xx_hal_rcc_ex.o
    0x08002ae8   0x08002ae8   0x00000130   Code   RO         1610    i.HAL_RCCEx_PeriphCLKConfig  stm32f1xx_hal_rcc_ex.o
    0x08002c18   0x08002c18   0x0000018c   Code   RO         1502    i.HAL_RCC_ClockConfig  stm32f1xx_hal_rcc.o
    0x08002da4   0x08002da4   0x0000000c   Code   RO         1507    i.HAL_RCC_GetHCLKFreq  stm32f1xx_hal_rcc.o
    0x08002db0   0x08002db0   0x00000020   Code   RO         1509    i.HAL_RCC_GetPCLK1Freq  stm32f1xx_hal_rcc.o
    0x08002dd0   0x08002dd0   0x00000020   Code   RO         1510    i.HAL_RCC_GetPCLK2Freq  stm32f1xx_hal_rcc.o
    0x08002df0   0x08002df0   0x00000094   Code   RO         1511    i.HAL_RCC_GetSysClockFreq  stm32f1xx_hal_rcc.o
    0x08002e84   0x08002e84   0x00000464   Code   RO         1514    i.HAL_RCC_OscConfig  stm32f1xx_hal_rcc.o
    0x080032e8   0x080032e8   0x00000018   Code   RO         2953    i.HAL_RTCEx_BKUPRead  stm32f1xx_hal_rtc_ex.o
    0x08003300   0x08003300   0x00000018   Code   RO         2954    i.HAL_RTCEx_BKUPWrite  stm32f1xx_hal_rtc_ex.o
    0x08003318   0x08003318   0x000000d0   Code   RO         2786    i.HAL_RTC_Init      stm32f1xx_hal_rtc.o
    0x080033e8   0x080033e8   0x00000098   Code   RO         3605    i.HAL_RTC_MspInit   rtc.o
    0x08003480   0x08003480   0x00000040   Code   RO         2794    i.HAL_RTC_WaitForSynchro  stm32f1xx_hal_rtc.o
    0x080034c0   0x080034c0   0x00000066   Code   RO         2245    i.HAL_SRAM_Init     stm32f1xx_hal_sram.o
    0x08003526   0x08003526   0x00000002   PAD
    0x08003528   0x08003528   0x00000090   Code   RO         3082    i.HAL_SRAM_MspInit  lcd.o
    0x080035b8   0x080035b8   0x00000034   Code   RO         1070    i.HAL_SYSTICK_Config  stm32f1xx_hal_cortex.o
    0x080035ec   0x080035ec   0x00000002   Code   RO         1665    i.HAL_UART_ErrorCallback  stm32f1xx_hal_uart.o
    0x080035ee   0x080035ee   0x00000002   PAD
    0x080035f0   0x080035f0   0x00000154   Code   RO         1668    i.HAL_UART_IRQHandler  stm32f1xx_hal_uart.o
    0x08003744   0x08003744   0x00000072   Code   RO         1669    i.HAL_UART_Init     stm32f1xx_hal_uart.o
    0x080037b6   0x080037b6   0x00000002   PAD
    0x080037b8   0x080037b8   0x000000b4   Code   RO          806    i.HAL_UART_MspInit  usart.o
    0x0800386c   0x0800386c   0x00000070   Code   RO         1674    i.HAL_UART_Receive_IT  stm32f1xx_hal_uart.o
    0x080038dc   0x080038dc   0x0000009c   Code   RO          807    i.HAL_UART_RxCpltCallback  usart.o
    0x08003978   0x08003978   0x00000002   Code   RO         1680    i.HAL_UART_TxCpltCallback  stm32f1xx_hal_uart.o
    0x0800397a   0x0800397a   0x00000004   Code   RO          478    i.HardFault_Handler  stm32f1xx_it.o
    0x0800397e   0x0800397e   0x00000002   PAD
    0x08003980   0x08003980   0x0000003c   Code   RO         3749    i.MQ136_Average_Data  mq-136.o
    0x080039bc   0x080039bc   0x00000170   Code   RO         3750    i.MQ136_GetPPM      mq-136.o
    0x08003b2c   0x08003b2c   0x00000048   Code   RO         3751    i.MQ136_Get_Vol     mq-136.o
    0x08003b74   0x08003b74   0x00000078   Code   RO         3445    i.MQ4_GetPPM        mq-4.o
    0x08003bec   0x08003bec   0x000000b4   Code   RO         3393    i.MQ7_GetPPM        mq-7.o
    0x08003ca0   0x08003ca0   0x00000068   Code   RO         3394    i.MQ7_PPM_Calibration  mq-7.o
    0x08003d08   0x08003d08   0x00000004   Code   RO          479    i.MemManage_Handler  stm32f1xx_it.o
    0x08003d0c   0x08003d0c   0x00000002   Code   RO          480    i.NMI_Handler       stm32f1xx_it.o
    0x08003d0e   0x08003d0e   0x00000002   Code   RO          481    i.PendSV_Handler    stm32f1xx_it.o
    0x08003d10   0x08003d10   0x00000028   Code   RO         1515    i.RCC_Delay         stm32f1xx_hal_rcc.o
    0x08003d38   0x08003d38   0x0000003a   Code   RO         2798    i.RTC_EnterInitMode  stm32f1xx_hal_rtc.o
    0x08003d72   0x08003d72   0x0000003a   Code   RO         2799    i.RTC_ExitInitMode  stm32f1xx_hal_rtc.o
    0x08003dac   0x08003dac   0x00000098   Code   RO         3606    i.RTC_IRQHandler    rtc.o
    0x08003e44   0x08003e44   0x00000002   Code   RO          482    i.SVC_Handler       stm32f1xx_it.o
    0x08003e46   0x08003e46   0x00000008   Code   RO          483    i.SysTick_Handler   stm32f1xx_it.o
    0x08003e4e   0x08003e4e   0x00000002   Code   RO          276    i.SystemInit        system_stm32f1xx.o
    0x08003e50   0x08003e50   0x00000014   Code   RO         1682    i.UART_DMAAbortOnError  stm32f1xx_hal_uart.o
    0x08003e64   0x08003e64   0x00000020   Code   RO         1692    i.UART_EndRxTransfer  stm32f1xx_hal_uart.o
    0x08003e84   0x08003e84   0x00000020   Code   RO         1693    i.UART_EndTransmit_IT  stm32f1xx_hal_uart.o
    0x08003ea4   0x08003ea4   0x000000a0   Code   RO         1695    i.UART_Receive_IT   stm32f1xx_hal_uart.o
    0x08003f44   0x08003f44   0x000000fc   Code   RO         1696    i.UART_SetConfig    stm32f1xx_hal_uart.o
    0x08004040   0x08004040   0x00000060   Code   RO         1697    i.UART_Transmit_IT  stm32f1xx_hal_uart.o
    0x080040a0   0x080040a0   0x00000010   Code   RO          808    i.USART1_IRQHandler  usart.o
    0x080040b0   0x080040b0   0x00000004   Code   RO          484    i.UsageFault_Handler  stm32f1xx_it.o
    0x080040b4   0x080040b4   0x00000028   Code   RO         3960    i.__ARM_fpclassify  m_ws.l(fpclassify.o)
    0x080040dc   0x080040dc   0x00000010   Code   RO         1072    i.__NVIC_GetPriorityGrouping  stm32f1xx_hal_cortex.o
    0x080040ec   0x080040ec   0x00000028   Code   RO         1073    i.__NVIC_SetPriority  stm32f1xx_hal_cortex.o
    0x08004114   0x08004114   0x000000aa   Code   RO         3962    i.__kernel_poly     m_ws.l(poly.o)
    0x080041be   0x080041be   0x00000002   PAD
    0x080041c0   0x080041c0   0x00000010   Code   RO         3946    i.__mathlib_dbl_divzero  m_ws.l(dunder.o)
    0x080041d0   0x080041d0   0x00000004   Code   RO         3948    i.__mathlib_dbl_infnan2  m_ws.l(dunder.o)
    0x080041d4   0x080041d4   0x0000000c   Code   RO         3949    i.__mathlib_dbl_invalid  m_ws.l(dunder.o)
    0x080041e0   0x080041e0   0x0000000e   Code   RO         3950    i.__mathlib_dbl_overflow  m_ws.l(dunder.o)
    0x080041ee   0x080041ee   0x00000002   PAD
    0x080041f0   0x080041f0   0x00000010   Code   RO         3952    i.__mathlib_dbl_underflow  m_ws.l(dunder.o)
    0x08004200   0x08004200   0x0000000e   Code   RO         3836    i._is_digit         c_w.l(__printf_wp.o)
    0x0800420e   0x0800420e   0x00000004   Code   RO          810    i._sys_exit         usart.o
    0x08004212   0x08004212   0x00000002   PAD
    0x08004214   0x08004214   0x00000054   Code   RO         3348    i.adc_dma_enable    adc.o
    0x08004268   0x08004268   0x00000168   Code   RO         3349    i.adc_nch_dma_init  adc.o
    0x080043d0   0x080043d0   0x0000000c   Code   RO          687    i.delay_init        delay.o
    0x080043dc   0x080043dc   0x00000012   Code   RO          688    i.delay_ms          delay.o
    0x080043ee   0x080043ee   0x00000002   PAD
    0x080043f0   0x080043f0   0x00000048   Code   RO          689    i.delay_us          delay.o
    0x08004438   0x08004438   0x00000058   Code   RO         3482    i.dht11_check       dht11.o
    0x08004490   0x08004490   0x00000050   Code   RO         3483    i.dht11_init        dht11.o
    0x080044e0   0x080044e0   0x0000005c   Code   RO         3484    i.dht11_read_bit    dht11.o
    0x0800453c   0x0800453c   0x0000001e   Code   RO         3485    i.dht11_read_byte   dht11.o
    0x0800455a   0x0800455a   0x00000058   Code   RO         3486    i.dht11_read_data   dht11.o
    0x080045b2   0x080045b2   0x00000002   PAD
    0x080045b4   0x080045b4   0x00000034   Code   RO         3487    i.dht11_reset       dht11.o
    0x080045e8   0x080045e8   0x000000e4   Code   RO         3541    i.extix_init        exti.o
    0x080046cc   0x080046cc   0x0000001c   Code   RO          812    i.fputc             usart.o
    0x080046e8   0x080046e8   0x000000a0   Code   RO         3695    i.key_scan          key.o
    0x08004788   0x08004788   0x00000034   Code   RO         3083    i.lcd_clear         lcd.o
    0x080047bc   0x080047bc   0x0000016c   Code   RO         3085    i.lcd_display_dir   lcd.o
    0x08004928   0x08004928   0x00000020   Code   RO         3091    i.lcd_draw_point    lcd.o
    0x08004948   0x08004948   0x0000022c   Code   RO         3093    i.lcd_ex_ili9341_reginit  lcd.o
    0x08004b74   0x08004b74   0x00000340   Code   RO         3094    i.lcd_ex_ili9806_reginit  lcd.o
    0x08004eb4   0x08004eb4   0x00000ef2   Code   RO         3095    i.lcd_ex_nt35310_reginit  lcd.o
    0x08005da6   0x08005da6   0x00000efc   Code   RO         3096    i.lcd_ex_nt35510_reginit  lcd.o
    0x08006ca2   0x08006ca2   0x0000016e   Code   RO         3097    i.lcd_ex_ssd1963_reginit  lcd.o
    0x08006e10   0x08006e10   0x000001a8   Code   RO         3098    i.lcd_ex_st7789_reginit  lcd.o
    0x08006fb8   0x08006fb8   0x000001c6   Code   RO         3099    i.lcd_ex_st7796_reginit  lcd.o
    0x0800717e   0x0800717e   0x00000002   PAD
    0x08007180   0x08007180   0x00000054   Code   RO         3100    i.lcd_fill          lcd.o
    0x080071d4   0x080071d4   0x00000468   Code   RO         3102    i.lcd_init          lcd.o
    0x0800763c   0x0800763c   0x0000000c   Code   RO         3103    i.lcd_opt_delay     lcd.o
    0x08007648   0x08007648   0x00000016   Code   RO         3104    i.lcd_pow           lcd.o
    0x0800765e   0x0800765e   0x00000002   PAD
    0x08007660   0x08007660   0x00000018   Code   RO         3105    i.lcd_rd_data       lcd.o
    0x08007678   0x08007678   0x0000023c   Code   RO         3107    i.lcd_scan_dir      lcd.o
    0x080078b4   0x080078b4   0x00000120   Code   RO         3108    i.lcd_set_cursor    lcd.o
    0x080079d4   0x080079d4   0x00000140   Code   RO         3110    i.lcd_show_char     lcd.o
    0x08007b14   0x08007b14   0x00000098   Code   RO         3111    i.lcd_show_num      lcd.o
    0x08007bac   0x08007bac   0x0000006a   Code   RO         3112    i.lcd_show_string   lcd.o
    0x08007c16   0x08007c16   0x00000002   PAD
    0x08007c18   0x08007c18   0x00000054   Code   RO         3114    i.lcd_ssd_backlight_set  lcd.o
    0x08007c6c   0x08007c6c   0x00000018   Code   RO         3115    i.lcd_wr_data       lcd.o
    0x08007c84   0x08007c84   0x00000018   Code   RO         3116    i.lcd_wr_regno      lcd.o
    0x08007c9c   0x08007c9c   0x00000014   Code   RO         3117    i.lcd_write_ram_prepare  lcd.o
    0x08007cb0   0x08007cb0   0x00000010   Code   RO         3118    i.lcd_write_reg     lcd.o
    0x08007cc0   0x08007cc0   0x00000090   Code   RO         3055    i.led_init          led.o
    0x08007d50   0x08007d50   0x000004e8   Code   RO           13    i.main              main.o
    0x08008238   0x08008238   0x000009d8   Code   RO         3904    i.pow               m_ws.l(pow.o)
    0x08008c10   0x08008c10   0x000000ac   Code   RO         3607    i.rtc_date2sec      rtc.o
    0x08008cbc   0x08008cbc   0x0000011c   Code   RO         3608    i.rtc_get_time      rtc.o
    0x08008dd8   0x08008dd8   0x00000050   Code   RO         3609    i.rtc_get_week      rtc.o
    0x08008e28   0x08008e28   0x000000bc   Code   RO         3610    i.rtc_init          rtc.o
    0x08008ee4   0x08008ee4   0x00000032   Code   RO         3611    i.rtc_is_leap_year  rtc.o
    0x08008f16   0x08008f16   0x00000002   PAD
    0x08008f18   0x08008f18   0x00000018   Code   RO         3612    i.rtc_read_bkr      rtc.o
    0x08008f30   0x08008f30   0x000000a8   Code   RO         3614    i.rtc_set_time      rtc.o
    0x08008fd8   0x08008fd8   0x0000001c   Code   RO         3615    i.rtc_write_bkr     rtc.o
    0x08008ff4   0x08008ff4   0x0000004c   Code   RO         3966    i.sqrt              m_ws.l(sqrt.o)
    0x08009040   0x08009040   0x00000066   Code   RO          739    i.sys_stm32_clock_init  sys.o
    0x080090a6   0x080090a6   0x00000002   PAD
    0x080090a8   0x080090a8   0x00000038   Code   RO          813    i.usart_init        usart.o
    0x080090e0   0x080090e0   0x0000002c   Code   RO         4034    locale$$code        c_w.l(lc_numeric_c.o)
    0x0800910c   0x0800910c   0x00000062   Code   RO         3857    x$fpl$d2f           fz_ws.l(d2f.o)
    0x0800916e   0x0800916e   0x00000002   PAD
    0x08009170   0x08009170   0x00000150   Code   RO         3859    x$fpl$dadd          fz_ws.l(daddsub_clz.o)
    0x080092c0   0x080092c0   0x00000010   Code   RO         4036    x$fpl$dcheck1       fz_ws.l(dcheck1.o)
    0x080092d0   0x080092d0   0x00000018   Code   RO         4106    x$fpl$dcmpinf       fz_ws.l(dcmpi.o)
    0x080092e8   0x080092e8   0x000002b0   Code   RO         3866    x$fpl$ddiv          fz_ws.l(ddiv.o)
    0x08009598   0x08009598   0x0000005a   Code   RO         3869    x$fpl$dfixu         fz_ws.l(dfixu.o)
    0x080095f2   0x080095f2   0x0000002e   Code   RO         3874    x$fpl$dflt          fz_ws.l(dflt_clz.o)
    0x08009620   0x08009620   0x00000026   Code   RO         3873    x$fpl$dfltu         fz_ws.l(dflt_clz.o)
    0x08009646   0x08009646   0x00000002   PAD
    0x08009648   0x08009648   0x00000078   Code   RO         4038    x$fpl$dleqf         fz_ws.l(dleqf.o)
    0x080096c0   0x080096c0   0x00000154   Code   RO         3879    x$fpl$dmul          fz_ws.l(dmul.o)
    0x08009814   0x08009814   0x0000009c   Code   RO         3931    x$fpl$dnaninf       fz_ws.l(dnaninf.o)
    0x080098b0   0x080098b0   0x0000000c   Code   RO         3933    x$fpl$dretinf       fz_ws.l(dretinf.o)
    0x080098bc   0x080098bc   0x0000006c   Code   RO         3935    x$fpl$drleqf        fz_ws.l(drleqf.o)
    0x08009928   0x08009928   0x00000016   Code   RO         3860    x$fpl$drsb          fz_ws.l(daddsub_clz.o)
    0x0800993e   0x0800993e   0x00000002   PAD
    0x08009940   0x08009940   0x000001cc   Code   RO         4040    x$fpl$dsqrt         fz_ws.l(dsqrt_noumaal.o)
    0x08009b0c   0x08009b0c   0x000001d4   Code   RO         3861    x$fpl$dsub          fz_ws.l(daddsub_clz.o)
    0x08009ce0   0x08009ce0   0x00000056   Code   RO         3881    x$fpl$f2d           fz_ws.l(f2d.o)
    0x08009d36   0x08009d36   0x00000002   PAD
    0x08009d38   0x08009d38   0x000000c4   Code   RO         3883    x$fpl$fadd          fz_ws.l(faddsub_clz.o)
    0x08009dfc   0x08009dfc   0x00000018   Code   RO         4042    x$fpl$fcmpinf       fz_ws.l(fcmpi.o)
    0x08009e14   0x08009e14   0x00000184   Code   RO         3890    x$fpl$fdiv          fz_ws.l(fdiv.o)
    0x08009f98   0x08009f98   0x0000003e   Code   RO         3893    x$fpl$ffixu         fz_ws.l(ffixu.o)
    0x08009fd6   0x08009fd6   0x00000002   PAD
    0x08009fd8   0x08009fd8   0x00000068   Code   RO         3937    x$fpl$fleqf         fz_ws.l(fleqf.o)
    0x0800a040   0x0800a040   0x00000102   Code   RO         3897    x$fpl$fmul          fz_ws.l(fmul.o)
    0x0800a142   0x0800a142   0x0000008c   Code   RO         3939    x$fpl$fnaninf       fz_ws.l(fnaninf.o)
    0x0800a1ce   0x0800a1ce   0x0000000a   Code   RO         3941    x$fpl$fretinf       fz_ws.l(fretinf.o)
    0x0800a1d8   0x0800a1d8   0x00000062   Code   RO         3899    x$fpl$frleqf        fz_ws.l(frleqf.o)
    0x0800a23a   0x0800a23a   0x00000014   Code   RO         3884    x$fpl$frsb          fz_ws.l(faddsub_clz.o)
    0x0800a24e   0x0800a24e   0x00000002   PAD
    0x0800a250   0x0800a250   0x000000ea   Code   RO         3885    x$fpl$fsub          fz_ws.l(faddsub_clz.o)
    0x0800a33a   0x0800a33a   0x00000004   Code   RO         3901    x$fpl$printf1       fz_ws.l(printf1.o)
    0x0800a33e   0x0800a33e   0x00000064   Code   RO         4108    x$fpl$retnan        fz_ws.l(retnan.o)
    0x0800a3a2   0x0800a3a2   0x0000005c   Code   RO         3943    x$fpl$scalbn        fz_ws.l(scalbn.o)
    0x0800a3fe   0x0800a3fe   0x00000030   Code   RO         4116    x$fpl$trapveneer    fz_ws.l(trapv.o)
    0x0800a42e   0x0800a42e   0x00000000   Code   RO         3945    x$fpl$usenofp       fz_ws.l(usenofp.o)
    0x0800a42e   0x0800a42e   0x00000018   Data   RO          277    .constdata          system_stm32f1xx.o
    0x0800a446   0x0800a446   0x00002f80   Data   RO         3120    .constdata          lcd.o
    0x0800d3c6   0x0800d3c6   0x00000028   Data   RO         3809    .constdata          c_w.l(_printf_hex_int.o)
    0x0800d3ee   0x0800d3ee   0x00000011   Data   RO         3839    .constdata          c_w.l(__printf_flags_wp.o)
    0x0800d3ff   0x0800d3ff   0x00000001   PAD
    0x0800d400   0x0800d400   0x00000088   Data   RO         3905    .constdata          m_ws.l(pow.o)
    0x0800d488   0x0800d488   0x00000008   Data   RO         3964    .constdata          m_ws.l(qnan.o)
    0x0800d490   0x0800d490   0x00000094   Data   RO         4005    .constdata          c_w.l(bigflt0.o)
    0x0800d524   0x0800d524   0x00000041   Data   RO           15    .conststring        main.o
    0x0800d565   0x0800d565   0x00000003   PAD
    0x0800d568   0x0800d568   0x00000020   Data   RO         4184    Region$$Table       anon$$obj.o
    0x0800d588   0x0800d588   0x0000001c   Data   RO         4033    locale$$data        c_w.l(lc_numeric_c.o)


    Execution Region RW_IRAM1 (Exec base: 0x20000000, Load base: 0x0800d5a4, Size: 0x000008e0, Max: 0x00010000, ABSOLUTE)

    Exec Addr    Load Addr    Size         Type   Attr      Idx    E Section Name        Object

    0x20000000   0x0800d5a4   0x0000001c   Data   RW           16    .data               main.o
    0x2000001c   0x0800d5c0   0x00000004   Data   RW          278    .data               system_stm32f1xx.o
    0x20000020   0x0800d5c4   0x00000004   Data   RW          690    .data               delay.o
    0x20000024   0x0800d5c8   0x00000007   Data   RW          815    .data               usart.o
    0x2000002b   0x0800d5cf   0x00000001   PAD
    0x2000002c   0x0800d5d0   0x00000009   Data   RW          908    .data               stm32f1xx_hal.o
    0x20000035   0x0800d5d9   0x00000003   PAD
    0x20000038   0x0800d5dc   0x00000008   Data   RW         3121    .data               lcd.o
    0x20000040   0x0800d5e4   0x00000001   Data   RW         3351    .data               adc.o
    0x20000041   0x0800d5e5   0x00000003   PAD
    0x20000044   0x0800d5e8   0x00000004   Data   RW         3395    .data               mq-7.o
    0x20000048   0x0800d5ec   0x00000002   Data   RW         3542    .data               exti.o
    0x2000004a   0x0800d5ee   0x00000002   Data   RW         3617    .data               rtc.o
    0x2000004c   0x0800d5f0   0x00000001   Data   RW         3696    .data               key.o
    0x2000004d   0x0800d5f1   0x00000003   PAD
    0x20000050        -       0x0000003c   Zero   RW           14    .bss                main.o
    0x2000008c        -       0x00000108   Zero   RW          814    .bss                usart.o
    0x20000194        -       0x00000056   Zero   RW         3119    .bss                lcd.o
    0x200001ea   0x0800d5f1   0x00000002   PAD
    0x200001ec        -       0x00000074   Zero   RW         3350    .bss                adc.o
    0x20000260        -       0x0000001e   Zero   RW         3616    .bss                rtc.o
    0x2000027e   0x0800d5f1   0x00000002   PAD
    0x20000280        -       0x00000060   Zero   RW         4047    .bss                c_w.l(libspace.o)
    0x200002e0        -       0x00000200   Zero   RW            2    HEAP                startup_stm32f103xe.o
    0x200004e0        -       0x00000400   Zero   RW            1    STACK               startup_stm32f103xe.o


==============================================================================

Image component sizes


      Code (inc. data)   RO Data    RW Data    ZI Data      Debug   Object Name

       488         44          0          1        116       2529   adc.o
       102         10          0          4          0       1835   delay.o
       430         24          0          0          0       3830   dht11.o
       976        148          0          2          0       3774   exti.o
       160         12          0          1          0        651   key.o
     13762        176      12160          8         86      25953   lcd.o
       144         12          0          0          0        903   led.o
      1256        308         65         28         60     442188   main.o
       500         84          0          0          0       2160   mq-136.o
       320         78          0          0          0       2134   mq-4.o
       488        110          0          4          0       2911   mq-7.o
      1298        124          0          2         30       8390   rtc.o
        64         26        304          0       1536       1084   startup_stm32f103xe.o
       154         32          0          9          0       6375   stm32f1xx_hal.o
      1436         58          0          0          0       8884   stm32f1xx_hal_adc.o
       260          4          0          0          0       1454   stm32f1xx_hal_adc_ex.o
       304         22          0          0          0      29443   stm32f1xx_hal_cortex.o
       764         18          0          0          0       3485   stm32f1xx_hal_dma.o
       908         44          0          0          0       4567   stm32f1xx_hal_gpio.o
        12          4          0          0          0        515   stm32f1xx_hal_pwr.o
      1784        110          0          0          0       6032   stm32f1xx_hal_rcc.o
       612         46          0          0          0       2429   stm32f1xx_hal_rcc_ex.o
       388          6          0          0          0       3308   stm32f1xx_hal_rtc.o
        48         10          0          0          0       1783   stm32f1xx_hal_rtc_ex.o
       102          0          0          0          0       1204   stm32f1xx_hal_sram.o
      1162         10          0          0          0       7727   stm32f1xx_hal_uart.o
        32          0          0          0          0       3870   stm32f1xx_it.o
       254         10          0          0          0       3839   stm32f1xx_ll_fsmc.o
       102          0          0          0          0        711   sys.o
         2          0         24          4          0     493219   system_stm32f1xx.o
       440         56          0          7        264       5405   usart.o

    ----------------------------------------------------------------------
     28786       1586      12588         80       2096    1082592   Object Totals
         0          0         32          0          0          0   (incl. Generated)
        34          0          3         10          4          0   (incl. Padding)

    ----------------------------------------------------------------------

      Code (inc. data)   RO Data    RW Data    ZI Data      Debug   Library Member Name

         8          0          0          0          0         68   __main.o
       312          4         17          0          0         92   __printf_flags_wp.o
        14          0          0          0          0         68   __printf_wp.o
         0          0          0          0          0          0   __rtentry.o
        12          0          0          0          0          0   __rtentry2.o
         6          0          0          0          0          0   __rtentry4.o
        52          8          0          0          0          0   __scatter.o
        26          0          0          0          0          0   __scatter_copy.o
        28          0          0          0          0          0   __scatter_zi.o
        44          0          0          0          0        108   _printf_char.o
        48          6          0          0          0         96   _printf_char_common.o
        36          4          0          0          0         80   _printf_char_file.o
         6          0          0          0          0          0   _printf_d.o
       120         16          0          0          0         92   _printf_dec.o
         6          0          0          0          0          0   _printf_f.o
      1054          0          0          0          0        216   _printf_fp_dec.o
       128         16          0          0          0         84   _printf_fp_infnan.o
        88          4         40          0          0         88   _printf_hex_int.o
       178          0          0          0          0         88   _printf_intcommon.o
        78          0          0          0          0        108   _printf_pad.o
         0          0          0          0          0          0   _printf_percent.o
         4          0          0          0          0          0   _printf_percent_end.o
         6          0          0          0          0          0   _printf_s.o
        82          0          0          0          0         80   _printf_str.o
         6          0          0          0          0          0   _printf_x.o
        22          0          0          0          0        100   _rserrno.o
        10          0          0          0          0         68   _sputc.o
       228          4        148          0          0         96   bigflt0.o
      1936        128          0          0          0        672   btod.o
        18          0          0          0          0         80   exit.o
         8          0          0          0          0         68   ferror.o
         6          0          0          0          0        152   heapauxi.o
        44         10         28          0          0         76   lc_numeric_c.o
         2          0          0          0          0          0   libinit.o
        18          0          0          0          0          0   libinit2.o
         2          0          0          0          0          0   libshutdown.o
         2          0          0          0          0          0   libshutdown2.o
         8          4          0          0         96         68   libspace.o
       138          0          0          0          0         80   lludiv10.o
        24          4          0          0          0         84   noretval__2printf.o
        40          6          0          0          0         84   noretval__2sprintf.o
         8          4          0          0          0         68   rt_errno_addr_intlibspace.o
         8          4          0          0          0         68   rt_locale_intlibspace.o
        78          0          0          0          0         80   rt_memclr_w.o
         2          0          0          0          0          0   rtexit.o
        10          0          0          0          0          0   rtexit2.o
       128          0          0          0          0         68   strcmpv7m.o
        74          0          0          0          0         80   sys_stackheap_outer.o
         2          0          0          0          0         68   use_no_semi.o
         2          0          0          0          0         68   use_no_semi_2.o
        98          4          0          0          0         92   d2f.o
       826         16          0          0          0        348   daddsub_clz.o
        16          4          0          0          0         68   dcheck1.o
        24          0          0          0          0         68   dcmpi.o
       688        140          0          0          0        208   ddiv.o
        90          4          0          0          0         92   dfixu.o
        84          0          0          0          0        136   dflt_clz.o
       120          4          0          0          0         92   dleqf.o
       340         12          0          0          0        104   dmul.o
       156          4          0          0          0         92   dnaninf.o
        12          0          0          0          0         68   dretinf.o
       108          0          0          0          0         80   drleqf.o
       460         56          0          0          0        120   dsqrt_noumaal.o
        86          4          0          0          0         84   f2d.o
       450          8          0          0          0        236   faddsub_clz.o
        24          0          0          0          0         68   fcmpi.o
       388         76          0          0          0         96   fdiv.o
        62          4          0          0          0         84   ffixu.o
       104          4          0          0          0         84   fleqf.o
       258          4          0          0          0         84   fmul.o
       140          4          0          0          0         84   fnaninf.o
        10          0          0          0          0         68   fretinf.o
        98          0          0          0          0         68   frleqf.o
         4          0          0          0          0         68   printf1.o
       100          0          0          0          0         68   retnan.o
        92          0          0          0          0         68   scalbn.o
        48          0          0          0          0         68   trapv.o
         0          0          0          0          0          0   usenofp.o
        62         10          0          0          0        340   dunder.o
        40          0          0          0          0         68   fpclassify.o
       170          0          0          0          0         96   poly.o
      2520        190        136          0          0        324   pow.o
         0          0          8          0          0          0   qnan.o
        76          0          0          0          0         84   sqrt.o

    ----------------------------------------------------------------------
     12940        770        378          0         96       7104   Library Totals
        26          0          1          0          0          0   (incl. Padding)

    ----------------------------------------------------------------------

      Code (inc. data)   RO Data    RW Data    ZI Data      Debug   Library Name

      5160        222        233          0         96       3396   c_w.l
      4886        348          0          0          0       2796   fz_ws.l
      2868        200        144          0          0        912   m_ws.l

    ----------------------------------------------------------------------
     12940        770        378          0         96       7104   Library Totals

    ----------------------------------------------------------------------

==============================================================================


      Code (inc. data)   RO Data    RW Data    ZI Data      Debug   

     41726       2356      12966         80       2192    1078356   Grand Totals
     41726       2356      12966         80       2192    1078356   ELF Image Totals
     41726       2356      12966         80          0          0   ROM Totals

==============================================================================

    Total RO  Size (Code + RO Data)                54692 (  53.41kB)
    Total RW  Size (RW Data + ZI Data)              2272 (   2.22kB)
    Total ROM Size (Code + RO Data + RW Data)      54772 (  53.49kB)

==============================================================================

